Archive member included to satisfy reference by file (symbol)

/usr/lib/gcc/x86_64-linux-gnu/9/../../../x86_64-linux-gnu/libc.a(libc-start.o)
                              /usr/lib/gcc/x86_64-linux-gnu/9/../../../x86_64-linux-gnu/crt1.o (__libc_start_main)
/usr/lib/gcc/x86_64-linux-gnu/9/../../../x86_64-linux-gnu/libc.a(check_fds.o)
                              /usr/lib/gcc/x86_64-linux-gnu/9/../../../x86_64-linux-gnu/libc.a(libc-start.o) (__libc_check_standard_fds)
/usr/lib/gcc/x86_64-linux-gnu/9/../../../x86_64-linux-gnu/libc.a(libc-tls.o)
                              /usr/lib/gcc/x86_64-linux-gnu/9/../../../x86_64-linux-gnu/libc.a(libc-start.o) (__libc_setup_tls)
/usr/lib/gcc/x86_64-linux-gnu/9/../../../x86_64-linux-gnu/libc.a(elf-init.o)
                              /usr/lib/gcc/x86_64-linux-gnu/9/../../../x86_64-linux-gnu/crt1.o (__libc_csu_init)
/usr/lib/gcc/x86_64-linux-gnu/9/../../../x86_64-linux-gnu/libc.a(errno.o)
                              /usr/lib/gcc/x86_64-linux-gnu/9/../../../x86_64-linux-gnu/libc.a(check_fds.o) (__libc_errno)
/usr/lib/gcc/x86_64-linux-gnu/9/../../../x86_64-linux-gnu/libc.a(errno-loc.o)
                              /mnt/f/pc_tool/parser/imu_parser/imu.o (__errno_location)
/usr/lib/gcc/x86_64-linux-gnu/9/../../../x86_64-linux-gnu/libc.a(assert.o)
                              /usr/lib/gcc/x86_64-linux-gnu/9/../../../x86_64-linux-gnu/libc.a(libc-start.o) (__assert_fail)
/usr/lib/gcc/x86_64-linux-gnu/9/../../../x86_64-linux-gnu/libc.a(dcgettext.o)
                              /usr/lib/gcc/x86_64-linux-gnu/9/../../../x86_64-linux-gnu/libc.a(assert.o) (__dcgettext)
/usr/lib/gcc/x86_64-linux-gnu/9/../../../x86_64-linux-gnu/libc.a(dcigettext.o)
                              /usr/lib/gcc/x86_64-linux-gnu/9/../../../x86_64-linux-gnu/libc.a(dcgettext.o) (__dcigettext)
/usr/lib/gcc/x86_64-linux-gnu/9/../../../x86_64-linux-gnu/libc.a(finddomain.o)
                              /usr/lib/gcc/x86_64-linux-gnu/9/../../../x86_64-linux-gnu/libc.a(dcigettext.o) (_nl_find_domain)
/usr/lib/gcc/x86_64-linux-gnu/9/../../../x86_64-linux-gnu/libc.a(loadmsgcat.o)
                              /usr/lib/gcc/x86_64-linux-gnu/9/../../../x86_64-linux-gnu/libc.a(dcigettext.o) (_nl_load_domain)
/usr/lib/gcc/x86_64-linux-gnu/9/../../../x86_64-linux-gnu/libc.a(localealias.o)
                              /usr/lib/gcc/x86_64-linux-gnu/9/../../../x86_64-linux-gnu/libc.a(finddomain.o) (_nl_expand_alias)
/usr/lib/gcc/x86_64-linux-gnu/9/../../../x86_64-linux-gnu/libc.a(l10nflist.o)
                              /usr/lib/gcc/x86_64-linux-gnu/9/../../../x86_64-linux-gnu/libc.a(finddomain.o) (_nl_make_l10nflist)
/usr/lib/gcc/x86_64-linux-gnu/9/../../../x86_64-linux-gnu/libc.a(explodename.o)
                              /usr/lib/gcc/x86_64-linux-gnu/9/../../../x86_64-linux-gnu/libc.a(finddomain.o) (_nl_explode_name)
/usr/lib/gcc/x86_64-linux-gnu/9/../../../x86_64-linux-gnu/libc.a(plural.o)
                              /usr/lib/gcc/x86_64-linux-gnu/9/../../../x86_64-linux-gnu/libc.a(loadmsgcat.o) (__gettext_free_exp)
/usr/lib/gcc/x86_64-linux-gnu/9/../../../x86_64-linux-gnu/libc.a(plural-exp.o)
                              /usr/lib/gcc/x86_64-linux-gnu/9/../../../x86_64-linux-gnu/libc.a(loadmsgcat.o) (__gettext_extract_plural)
/usr/lib/gcc/x86_64-linux-gnu/9/../../../x86_64-linux-gnu/libc.a(hash-string.o)
                              /usr/lib/gcc/x86_64-linux-gnu/9/../../../x86_64-linux-gnu/libc.a(dcigettext.o) (__hash_string)
/usr/lib/gcc/x86_64-linux-gnu/9/../../../x86_64-linux-gnu/libc.a(bsd-_setjmp.o)
                              /usr/lib/gcc/x86_64-linux-gnu/9/../../../x86_64-linux-gnu/libc.a(libc-start.o) (_setjmp)
/usr/lib/gcc/x86_64-linux-gnu/9/../../../x86_64-linux-gnu/libc.a(raise.o)
                              /usr/lib/gcc/x86_64-linux-gnu/9/../../../x86_64-linux-gnu/libc.a(dcigettext.o) (raise)
/usr/lib/gcc/x86_64-linux-gnu/9/../../../x86_64-linux-gnu/libc.a(atoi.o)
                              /mnt/f/pc_tool/parser/imu_parser/imu.o (atoi)
/usr/lib/gcc/x86_64-linux-gnu/9/../../../x86_64-linux-gnu/libc.a(abort.o)
                              /usr/lib/gcc/x86_64-linux-gnu/9/../../../x86_64-linux-gnu/libc.a(assert.o) (abort)
/usr/lib/gcc/x86_64-linux-gnu/9/../../../x86_64-linux-gnu/libc.a(msort.o)
                              /usr/lib/gcc/x86_64-linux-gnu/9/../../../x86_64-linux-gnu/libc.a(localealias.o) (qsort)
/usr/lib/gcc/x86_64-linux-gnu/9/../../../x86_64-linux-gnu/libc.a(getenv.o)
                              /usr/lib/gcc/x86_64-linux-gnu/9/../../../x86_64-linux-gnu/libc.a(dcigettext.o) (getenv)
/usr/lib/gcc/x86_64-linux-gnu/9/../../../x86_64-linux-gnu/libc.a(exit.o)
                              /mnt/f/pc_tool/parser/imu_parser/imu.o (exit)
/usr/lib/gcc/x86_64-linux-gnu/9/../../../x86_64-linux-gnu/libc.a(cxa_atexit.o)
                              /usr/lib/gcc/x86_64-linux-gnu/9/../../../x86_64-linux-gnu/libc.a(exit.o) (__new_exitfn_called)
[...]
Memory Configuration

Name             Origin             Length             Attributes
*default*        0x0000000000000000 0xffffffffffffffff

Linker script and memory map

LOAD /usr/lib/gcc/x86_64-linux-gnu/9/../../../x86_64-linux-gnu/crt1.o
LOAD /usr/lib/gcc/x86_64-linux-gnu/9/../../../x86_64-linux-gnu/crti.o
LOAD /usr/lib/gcc/x86_64-linux-gnu/9/crtbeginT.o
LOAD /mnt/f/pc_tool/parser/imu_parser/imu.o
START GROUP
LOAD /usr/lib/gcc/x86_64-linux-gnu/9/libgcc.a
LOAD /usr/lib/gcc/x86_64-linux-gnu/9/libgcc_eh.a
LOAD /usr/lib/gcc/x86_64-linux-gnu/9/../../../x86_64-linux-gnu/libc.a
END GROUP
LOAD /usr/lib/gcc/x86_64-linux-gnu/9/crtend.o
LOAD /usr/lib/gcc/x86_64-linux-gnu/9/../../../x86_64-linux-gnu/crtn.o
                [!provide]                        PROVIDE (__executable_start = SEGMENT_START ("text-segment", 0x400000))
                0x0000000000400270                . = (SEGMENT_START ("text-segment", 0x400000) + SIZEOF_HEADERS)

.interp
 *(.interp)

.note.gnu.property
                0x0000000000400270       0x20
 .note.gnu.property
                0x0000000000400270       0x20 /usr/lib/gcc/x86_64-linux-gnu/9/../../../x86_64-linux-gnu/crt1.o

.note.gnu.build-id
                0x0000000000400290       0x24
 *(.note.gnu.build-id)
 .note.gnu.build-id
                0x0000000000400290       0x24 /usr/lib/gcc/x86_64-linux-gnu/9/../../../x86_64-linux-gnu/crt1.o

.note.ABI-tag   0x00000000004002b4       0x20
 .note.ABI-tag  0x00000000004002b4       0x20 /usr/lib/gcc/x86_64-linux-gnu/9/../../../x86_64-linux-gnu/crt1.o

.hash
 *(.hash)

.gnu.hash
 *(.gnu.hash)

.dynsym
 *(.dynsym)

.dynstr
 *(.dynstr)

.gnu.version
 *(.gnu.version)

.gnu.version_d
 *(.gnu.version_d)

.gnu.version_r
 *(.gnu.version_r)

.rela.dyn       0x00000000004002d8        0x0
 *(.rela.init)
 .rela.init     0x00000000004002d8        0x0 /usr/lib/gcc/x86_64-linux-gnu/9/../../../x86_64-linux-gnu/crt1.o
 *(.rela.text .rela.text.* .rela.gnu.linkonce.t.*)
 .rela.text     0x00000000004002d8        0x0 /usr/lib/gcc/x86_64-linux-gnu/9/../../../x86_64-linux-gnu/crt1.o
 .rela.text.avx
                0x00000000004002d8        0x0 /usr/lib/gcc/x86_64-linux-gnu/9/../../../x86_64-linux-gnu/crt1.o
 .rela.text.avx512
                0x00000000004002d8        0x0 /usr/lib/gcc/x86_64-linux-gnu/9/../../../x86_64-linux-gnu/crt1.o
 .rela.text.startup
                0x00000000004002d8        0x0 /usr/lib/gcc/x86_64-linux-gnu/9/../../../x86_64-linux-gnu/crt1.o
 *(.rela.fini)
 *(.rela.rodata .rela.rodata.* .rela.gnu.linkonce.r.*)
 *(.rela.data .rela.data.* .rela.gnu.linkonce.d.*)
 .rela.data.rel.ro
                0x00000000004002d8        0x0 /usr/lib/gcc/x86_64-linux-gnu/9/../../../x86_64-linux-gnu/crt1.o
 *(.rela.tdata .rela.tdata.* .rela.gnu.linkonce.td.*)
 *(.rela.tbss .rela.tbss.* .rela.gnu.linkonce.tb.*)
 *(.rela.ctors)
 *(.rela.dtors)
 *(.rela.got)
 .rela.got      0x00000000004002d8        0x0 /usr/lib/gcc/x86_64-linux-gnu/9/../../../x86_64-linux-gnu/crt1.o
 *(.rela.bss .rela.bss.* .rela.gnu.linkonce.b.*)
 *(.rela.ldata .rela.ldata.* .rela.gnu.linkonce.l.*)
 *(.rela.lbss .rela.lbss.* .rela.gnu.linkonce.lb.*)
 *(.rela.lrodata .rela.lrodata.* .rela.gnu.linkonce.lr.*)
 *(.rela.ifunc)
 .rela__libc_freeres_fn
                0x00000000004002d8        0x0 /usr/lib/gcc/x86_64-linux-gnu/9/../../../x86_64-linux-gnu/crt1.o
 .rela.eh_frame
                0x00000000004002d8        0x0 /usr/lib/gcc/x86_64-linux-gnu/9/../../../x86_64-linux-gnu/crt1.o
 .rela__libc_IO_vtables
                0x00000000004002d8        0x0 /usr/lib/gcc/x86_64-linux-gnu/9/../../../x86_64-linux-gnu/crt1.o

.rela.plt       0x00000000004002d8      0x270
 *(.rela.plt)
                0x00000000004002d8                PROVIDE (__rela_iplt_start = .)
 *(.rela.iplt)
 .rela.iplt     0x00000000004002d8      0x270 /usr/lib/gcc/x86_64-linux-gnu/9/../../../x86_64-linux-gnu/crt1.o
                0x0000000000400548                PROVIDE (__rela_iplt_end = .)
                0x0000000000401000                . = ALIGN (CONSTANT (MAXPAGESIZE))

.init           0x0000000000401000       0x1b
 *(SORT_NONE(.init))
 .init          0x0000000000401000       0x16 /usr/lib/gcc/x86_64-linux-gnu/9/../../../x86_64-linux-gnu/crti.o
                0x0000000000401000                _init
 .init          0x0000000000401016        0x5 /usr/lib/gcc/x86_64-linux-gnu/9/../../../x86_64-linux-gnu/crtn.o

.plt            0x0000000000401020      0x1a0
 *(.plt)
 *(.iplt)
 *fill*         0x0000000000401020        0x0 
 .iplt          0x0000000000401020      0x1a0 /usr/lib/gcc/x86_64-linux-gnu/9/../../../x86_64-linux-gnu/crt1.o

.plt.got
 *(.plt.got)

.plt.sec
 *(.plt.sec)

.text           0x00000000004011c0    0xb8ea0
 *(.text.unlikely .text.*_unlikely .text.unlikely.*)
 .text.unlikely
                0x00000000004011c0        0xf /usr/lib/gcc/x86_64-linux-gnu/9/../../../x86_64-linux-gnu/libc.a(assert.o)
 .text.unlikely
                0x00000000004011cf        0x5 /usr/lib/gcc/x86_64-linux-gnu/9/../../../x86_64-linux-gnu/libc.a(loadmsgcat.o)
 .text.unlikely
                0x00000000004011d4      0x234 /usr/lib/gcc/x86_64-linux-gnu/9/../../../x86_64-linux-gnu/libc.a(abort.o)
                0x00000000004011d4                abort
 .text.unlikely
                0x0000000000401408       0x57 /usr/lib/gcc/x86_64-linux-gnu/9/../../../x86_64-linux-gnu/libc.a(iofclose.o)
 .text.unlikely
                0x000000000040145f       0x56 /usr/lib/gcc/x86_64-linux-gnu/9/../../../x86_64-linux-gnu/libc.a(iofflush.o)
 .text.unlikely
                0x00000000004014b5       0x56 /usr/lib/gcc/x86_64-linux-gnu/9/../../../x86_64-linux-gnu/libc.a(iofread.o)
 .text.unlikely
                0x000000000040150b       0x56 /usr/lib/gcc/x86_64-linux-gnu/9/../../../x86_64-linux-gnu/libc.a(iofwrite.o)
 .text.unlikely
                0x0000000000401561       0x57 /usr/lib/gcc/x86_64-linux-gnu/9/../../../x86_64-linux-gnu/libc.a(ioputs.o)
 .text.unlikely
                0x00000000004015b8       0x57 /usr/lib/gcc/x86_64-linux-gnu/9/../../../x86_64-linux-gnu/libc.a(wfileops.o)
 .text.unlikely
                0x000000000040160f       0x59 /usr/lib/gcc/x86_64-linux-gnu/9/../../../x86_64-linux-gnu/libc.a(fileops.o)
 .text.unlikely
                0x0000000000401668        0xc /usr/lib/gcc/x86_64-linux-gnu/9/../../../x86_64-linux-gnu/libc.a(init-first.o)
                0x0000000000401668                _dl_start
 .text.unlikely
                0x0000000000401674        0x5 /usr/lib/gcc/x86_64-linux-gnu/9/../../../x86_64-linux-gnu/libc.a(printf_fp.o)
 .text.unlikely
                0x0000000000401679        0x5 /usr/lib/gcc/x86_64-linux-gnu/9/../../../x86_64-linux-gnu/libc.a(printf_fphex.o)
 .text.unlikely
                0x000000000040167e       0x56 /usr/lib/gcc/x86_64-linux-gnu/9/../../../x86_64-linux-gnu/libc.a(iofputs.o)
 .text.unlikely
                0x00000000004016d4       0x56 /usr/lib/gcc/x86_64-linux-gnu/9/../../../x86_64-linux-gnu/libc.a(iogetdelim.o)
 .text.unlikely
                0x000000000040172a       0x56 /usr/lib/gcc/x86_64-linux-gnu/9/../../../x86_64-linux-gnu/libc.a(fseek.o)
 .text.unlikely
                0x0000000000401780       0x56 /usr/lib/gcc/x86_64-linux-gnu/9/../../../x86_64-linux-gnu/libc.a(ftello.o)
 .text.unlikely
                0x00000000004017d6        0x5 /usr/lib/gcc/x86_64-linux-gnu/9/../../../x86_64-linux-gnu/libc.a(strtof_l.o)
 .text.unlikely
                0x00000000004017db        0x5 /usr/lib/gcc/x86_64-linux-gnu/9/../../../x86_64-linux-gnu/libc.a(strtod_l.o)
 .text.unlikely
                0x00000000004017e0        0x5 /usr/lib/gcc/x86_64-linux-gnu/9/../../../x86_64-linux-gnu/libc.a(strtold_l.o)
 .text.unlikely
                0x00000000004017e5        0x5 /usr/lib/gcc/x86_64-linux-gnu/9/../../../x86_64-linux-gnu/libc.a(strtof128_l.o)
 .text.unlikely
                0x00000000004017ea       0x60 /usr/lib/gcc/x86_64-linux-gnu/9/../../../x86_64-linux-gnu/libc.a(ioseekoff.o)
 .text.unlikely
                0x000000000040184a       0x50 /usr/lib/gcc/x86_64-linux-gnu/9/libgcc_eh.a(unwind-dw2.o)
 .text.unlikely
                0x000000000040189a       0x1e /usr/lib/gcc/x86_64-linux-gnu/9/libgcc_eh.a(unwind-dw2-fde-dip.o)
 .text.unlikely
                0x00000000004018b8        0xa /usr/lib/gcc/x86_64-linux-gnu/9/libgcc_eh.a(unwind-c.o)
 *(.text.exit .text.exit.*)
 *fill*         0x00000000004018c2        0xe 
 .text.exit     0x00000000004018d0       0x41 /usr/lib/gcc/x86_64-linux-gnu/9/../../../x86_64-linux-gnu/libc.a(sdlerror.o)
 *(.text.startup .text.startup.*)
 *fill*         0x0000000000401911        0xf 
 .text.startup  0x0000000000401920      0x489 /usr/lib/gcc/x86_64-linux-gnu/9/../../../x86_64-linux-gnu/libc.a(cacheinfo.o)
 *(.text.hot .text.hot.*)
 *(SORT_BY_NAME(.text.sorted.*))
 *(.text .stub .text.* .gnu.linkonce.t.*)
 *fill*         0x0000000000401da9        0x7 
 .text          0x0000000000401db0       0x35 /usr/lib/gcc/x86_64-linux-gnu/9/../../../x86_64-linux-gnu/crt1.o
                0x0000000000401db0                _start
                0x0000000000401de0                _dl_relocate_static_pie
 .text          0x0000000000401de5        0x0 /usr/lib/gcc/x86_64-linux-gnu/9/../../../x86_64-linux-gnu/crti.o
 *fill*         0x0000000000401de5        0xb 
 .text          0x0000000000401df0       0xe5 /usr/lib/gcc/x86_64-linux-gnu/9/crtbeginT.o
 .text          0x0000000000401ed5     0x16ce /mnt/f/pc_tool/parser/imu_parser/imu.o
                0x0000000000401ed5                printf_help
                0x0000000000401f0b                parse_data
                0x0000000000403578                main
 *fill*         0x00000000004035a3        0xd 
 .text          0x00000000004035b0      0xb97 /usr/lib/gcc/x86_64-linux-gnu/9/../../../x86_64-linux-gnu/libc.a(libc-start.o)
                0x0000000000403930                __libc_start_main
 *fill*         0x0000000000404147        0x9 
 .text          0x0000000000404150      0x1a3 /usr/lib/gcc/x86_64-linux-gnu/9/../../../x86_64-linux-gnu/libc.a(check_fds.o)
                0x0000000000404150                __libc_check_standard_fds
 *fill*         0x00000000004042f3        0xd 
 .text          0x0000000000404300      0x288 /usr/lib/gcc/x86_64-linux-gnu/9/../../../x86_64-linux-gnu/libc.a(libc-tls.o)
                0x0000000000404300                __libc_setup_tls
 *fill*         0x0000000000404588        0x8 
 .text          0x0000000000404590       0xe1 /usr/lib/gcc/x86_64-linux-gnu/9/../../../x86_64-linux-gnu/libc.a(elf-init.o)
                0x0000000000404590                __libc_csu_init
                0x0000000000404630                __libc_csu_fini
 .text          0x0000000000404671        0x0 /usr/lib/gcc/x86_64-linux-gnu/9/../../../x86_64-linux-gnu/libc.a(errno.o)
 *fill*         0x0000000000404671        0xf 
 .text          0x0000000000404680       0x15 /usr/lib/gcc/x86_64-linux-gnu/9/../../../x86_64-linux-gnu/libc.a(errno-loc.o)
                0x0000000000404680                __errno_location
 *fill*         0x0000000000404695        0xb 
 .text          0x00000000004046a0      0x1a6 /usr/lib/gcc/x86_64-linux-gnu/9/../../../x86_64-linux-gnu/libc.a(assert.o)
                0x00000000004046a0                __assert_fail_base
                0x0000000000404800                __assert_fail
 *fill*         0x0000000000404846        0xa 
 .text          0x0000000000404850       0x13 /usr/lib/gcc/x86_64-linux-gnu/9/../../../x86_64-linux-gnu/libc.a(dcgettext.o)
                0x0000000000404850                __dcgettext
                0x0000000000404850                dcgettext
 *fill*         0x0000000000404863        0xd 
 .text          0x0000000000404870     0x1892 /usr/lib/gcc/x86_64-linux-gnu/9/../../../x86_64-linux-gnu/libc.a(dcigettext.o)
                0x0000000000404ae0                _nl_find_msg
                0x00000000004057b0                __dcigettext
 *fill*         0x0000000000406102        0xe 
 .text          0x0000000000406110      0x295 /usr/lib/gcc/x86_64-linux-gnu/9/../../../x86_64-linux-gnu/libc.a(finddomain.o)
                0x0000000000406110                _nl_find_domain
 *fill*         0x00000000004063a5        0xb 
 .text          0x00000000004063b0     0x17d7 /usr/lib/gcc/x86_64-linux-gnu/9/../../../x86_64-linux-gnu/libc.a(loadmsgcat.o)
                0x00000000004063b0                _nl_load_domain
 *fill*         0x0000000000407b87        0x9 
 .text          0x0000000000407b90      0x70e /usr/lib/gcc/x86_64-linux-gnu/9/../../../x86_64-linux-gnu/libc.a(localealias.o)
                0x00000000004080b0                _nl_expand_alias
 *fill*         0x000000000040829e        0x2 
 .text          0x00000000004082a0      0x6cf /usr/lib/gcc/x86_64-linux-gnu/9/../../../x86_64-linux-gnu/libc.a(l10nflist.o)
                0x00000000004082a0                _nl_make_l10nflist
                0x0000000000408860                _nl_normalize_codeset
 *fill*         0x000000000040896f        0x1 
 .text          0x0000000000408970      0x1fc /usr/lib/gcc/x86_64-linux-gnu/9/../../../x86_64-linux-gnu/libc.a(explodename.o)
                0x0000000000408970                _nl_explode_name
 *fill*         0x0000000000408b6c        0x4 
 .text          0x0000000000408b70     0x7f7b /usr/lib/gcc/x86_64-linux-gnu/9/../../../x86_64-linux-gnu/libc.a(plural.o)
                0x0000000000408b70                __gettext_free_exp
                0x00000000004102d0                __gettextparse
 *fill*         0x0000000000410aeb        0x5 
 .text          0x0000000000410af0      0x115 /usr/lib/gcc/x86_64-linux-gnu/9/../../../x86_64-linux-gnu/libc.a(plural-exp.o)
                0x0000000000410af0                __gettext_extract_plural
 *fill*         0x0000000000410c05        0xb 
 .text          0x0000000000410c10       0x5b /usr/lib/gcc/x86_64-linux-gnu/9/../../../x86_64-linux-gnu/libc.a(hash-string.o)
                0x0000000000410c10                __hash_string
 *fill*         0x0000000000410c6b        0x5 
 .text          0x0000000000410c70        0xb /usr/lib/gcc/x86_64-linux-gnu/9/../../../x86_64-linux-gnu/libc.a(bsd-_setjmp.o)
                0x0000000000410c70                _setjmp
 *fill*         0x0000000000410c7b        0x5 
 .text          0x0000000000410c80      0x109 /usr/lib/gcc/x86_64-linux-gnu/9/../../../x86_64-linux-gnu/libc.a(raise.o)
                0x0000000000410c80                gsignal
                0x0000000000410c80                raise
 *fill*         0x0000000000410d89        0x7 
 .text          0x0000000000410d90       0x19 /usr/lib/gcc/x86_64-linux-gnu/9/../../../x86_64-linux-gnu/libc.a(atoi.o)
                0x0000000000410d90                atoi
 .text          0x0000000000410da9        0x0 /usr/lib/gcc/x86_64-linux-gnu/9/../../../x86_64-linux-gnu/libc.a(abort.o)
 *fill*         0x0000000000410da9        0x7 
 .text          0x0000000000410db0      0x85c /usr/lib/gcc/x86_64-linux-gnu/9/../../../x86_64-linux-gnu/libc.a(msort.o)
                0x00000000004111f0                __qsort_r
                0x00000000004111f0                qsort_r
                0x0000000000411600                qsort
 *fill*         0x000000000041160c        0x4 
 .text          0x0000000000411610       0xd5 /usr/lib/gcc/x86_64-linux-gnu/9/../../../x86_64-linux-gnu/libc.a(getenv.o)
                0x0000000000411610                getenv
 *fill*         0x00000000004116e5        0xb 
 .text          0x00000000004116f0      0x2e0 /usr/lib/gcc/x86_64-linux-gnu/9/../../../x86_64-linux-gnu/libc.a(exit.o)
                0x00000000004116f0                __run_exit_handlers
                0x00000000004119b0                exit
 .text          0x00000000004119d0      0x39e /usr/lib/gcc/x86_64-linux-gnu/9/../../../x86_64-linux-gnu/libc.a(cxa_atexit.o)
                0x00000000004119d0                __new_exitfn
                0x0000000000411af0                __internal_atexit
                0x0000000000411c30                __cxa_atexit
 *fill*         0x0000000000411d6e        0x2 
 .text          0x0000000000411d70       0x36 /usr/lib/gcc/x86_64-linux-gnu/9/../../../x86_64-linux-gnu/libc.a(strtol.o)
                0x0000000000411d70                __strtol_internal
                0x0000000000411d70                __strtoll_internal
                0x0000000000411d90                strtoll
                0x0000000000411d90                strtoq
                0x0000000000411d90                strtol
                0x0000000000411d90                __strtol
 *fill*         0x0000000000411da6        0xa 
 .text          0x0000000000411db0       0x36 /usr/lib/gcc/x86_64-linux-gnu/9/../../../x86_64-linux-gnu/libc.a(strtoul.o)
                0x0000000000411db0                __strtoull_internal
                0x0000000000411db0                __strtoul_internal
                0x0000000000411dd0                strtoul
                0x0000000000411dd0                strtoull
                0x0000000000411dd0                strtouq
                0x0000000000411dd0                __strtoul
 *fill*         0x0000000000411de6        0xa 
 .text          0x0000000000411df0      0x52e /usr/lib/gcc/x86_64-linux-gnu/9/../../../x86_64-linux-gnu/libc.a(strtol_l.o)
                0x0000000000411df0                ____strtol_l_internal
                0x0000000000411df0                ____strtoll_l_internal
                0x0000000000412310                strtoll_l
                0x0000000000412310                strtol_l
                0x0000000000412310                __strtoll_l
                0x0000000000412310                __strtol_l
 *fill*         0x000000000041231e        0x2 
 .text          0x0000000000412320      0x4de /usr/lib/gcc/x86_64-linux-gnu/9/../../../x86_64-linux-gnu/libc.a(strtoul_l.o)
                0x0000000000412320                ____strtoul_l_internal
                0x0000000000412320                ____strtoull_l_internal
                0x00000000004127f0                __strtoull_l
                0x00000000004127f0                strtoull_l
                0x00000000004127f0                strtoul_l
                0x00000000004127f0                __strtoul_l
 *fill*         0x00000000004127fe        0x2 
 .text          0x0000000000412800      0x1d3 /usr/lib/gcc/x86_64-linux-gnu/9/../../../x86_64-linux-gnu/libc.a(grouping.o)
                0x0000000000412800                __correctly_grouped_prefixmb
 *fill*         0x00000000004129d3        0xd 
 .text          0x00000000004129e0       0xc9 /usr/lib/gcc/x86_64-linux-gnu/9/../../../x86_64-linux-gnu/libc.a(printf.o)
                0x00000000004129e0                __printf
                0x00000000004129e0                printf
                0x00000000004129e0                _IO_printf
 *fill*         0x0000000000412aa9        0x7 
 .text          0x0000000000412ab0       0xb3 /usr/lib/gcc/x86_64-linux-gnu/9/../../../x86_64-linux-gnu/libc.a(snprintf.o)
                0x0000000000412ab0                snprintf
                0x0000000000412ab0                __snprintf
 *fill*         0x0000000000412b63        0xd 
 .text          0x0000000000412b70       0xb7 /usr/lib/gcc/x86_64-linux-gnu/9/../../../x86_64-linux-gnu/libc.a(asprintf.o)
                0x0000000000412b70                __asprintf
                0x0000000000412b70                asprintf
                0x0000000000412b70                ___asprintf
 *fill*         0x0000000000412c27        0x9 
 .text          0x0000000000412c30     0x6619 /usr/lib/gcc/x86_64-linux-gnu/9/../../../x86_64-linux-gnu/libc.a(vfprintf-internal.o)
                0x0000000000415c60                __vfprintf_internal
 *fill*         0x0000000000419249        0x7 
 .text          0x0000000000419250      0x7b0 /usr/lib/gcc/x86_64-linux-gnu/9/../../../x86_64-linux-gnu/libc.a(printf-parsemb.o)
                0x0000000000419250                __parse_one_specmb
 .text          0x0000000000419a00      0x60a /usr/lib/gcc/x86_64-linux-gnu/9/../../../x86_64-linux-gnu/libc.a(fxprintf.o)
                0x0000000000419bc0                __vfxprintf
                0x0000000000419cc0                __fxprintf
                0x0000000000419e60                __fxprintf_nocancel
 *fill*         0x000000000041a00a        0x6 
 .text          0x000000000041a010      0x288 /usr/lib/gcc/x86_64-linux-gnu/9/../../../x86_64-linux-gnu/libc.a(iofclose.o)
                0x000000000041a010                _IO_fclose
                0x000000000041a010                _IO_new_fclose
                0x000000000041a010                fclose
                0x000000000041a010                __new_fclose
 *fill*         0x000000000041a298        0x8 
 .text          0x000000000041a2a0      0x129 /usr/lib/gcc/x86_64-linux-gnu/9/../../../x86_64-linux-gnu/libc.a(iofflush.o)
                0x000000000041a2a0                _IO_fflush
                0x000000000041a2a0                fflush
 *fill*         0x000000000041a3c9        0x7 
 .text          0x000000000041a3d0      0x246 /usr/lib/gcc/x86_64-linux-gnu/9/../../../x86_64-linux-gnu/libc.a(iofopen.o)
                0x000000000041a3d0                __fopen_maybe_mmap
                0x000000000041a420                __fopen_internal
                0x000000000041a520                _IO_fopen64
                0x000000000041a520                _IO_new_fopen
                0x000000000041a520                fopen
                0x000000000041a520                _IO_fopen
                0x000000000041a520                __new_fopen
                0x000000000041a520                fopen64
 *fill*         0x000000000041a616        0xa 
 .text          0x000000000041a620      0x131 /usr/lib/gcc/x86_64-linux-gnu/9/../../../x86_64-linux-gnu/libc.a(iofread.o)
                0x000000000041a620                _IO_fread
                0x000000000041a620                fread
 *fill*         0x000000000041a751        0xf 
 .text          0x000000000041a760      0x1ca /usr/lib/gcc/x86_64-linux-gnu/9/../../../x86_64-linux-gnu/libc.a(iofwrite.o)
                0x000000000041a760                _IO_fwrite
                0x000000000041a760                fwrite
 *fill*         0x000000000041a92a        0x6 
 .text          0x000000000041a930      0x134 /usr/lib/gcc/x86_64-linux-gnu/9/../../../x86_64-linux-gnu/libc.a(iopadn.o)
                0x000000000041a930                _IO_padn
 *fill*         0x000000000041aa64        0xc 
 .text          0x000000000041aa70      0x1dc /usr/lib/gcc/x86_64-linux-gnu/9/../../../x86_64-linux-gnu/libc.a(ioputs.o)
                0x000000000041aa70                puts
                0x000000000041aa70                _IO_puts
 *fill*         0x000000000041ac4c        0x4 
 .text          0x000000000041ac50     0x1ab0 /usr/lib/gcc/x86_64-linux-gnu/9/../../../x86_64-linux-gnu/libc.a(wfileops.o)
                0x000000000041ac50                _IO_wfile_underflow
                0x000000000041b3e0                _IO_wfile_seekoff
                0x000000000041be30                _IO_wdo_write
                0x000000000041c020                _IO_wfile_overflow
                0x000000000041c300                _IO_wfile_sync
                0x000000000041c4a0                _IO_wfile_xsputn
 .text          0x000000000041c700      0x480 /usr/lib/gcc/x86_64-linux-gnu/9/../../../x86_64-linux-gnu/libc.a(iofwide.o)
                0x000000000041c700                _IO_fwide
                0x000000000041c870                __libio_codecvt_out
                0x000000000041c960                __libio_codecvt_in
                0x000000000041ca50                __libio_codecvt_encoding
                0x000000000041ca80                __libio_codecvt_length
 .text          0x000000000041cb80      0x1ab /usr/lib/gcc/x86_64-linux-gnu/9/../../../x86_64-linux-gnu/libc.a(vasprintf.o)
                0x000000000041cb80                __vasprintf_internal
                0x000000000041cd20                __vasprintf
                0x000000000041cd20                vasprintf
 *fill*         0x000000000041cd2b        0x5 
 .text          0x000000000041cd30      0x19c /usr/lib/gcc/x86_64-linux-gnu/9/../../../x86_64-linux-gnu/libc.a(vsnprintf.o)
                0x000000000041cdb0                __vsnprintf_internal
                0x000000000041cec0                vsnprintf
                0x000000000041cec0                ___vsnprintf
                0x000000000041cec0                __vsnprintf
 *fill*         0x000000000041cecc        0x4 
 .text          0x000000000041ced0      0x470 /usr/lib/gcc/x86_64-linux-gnu/9/../../../x86_64-linux-gnu/libc.a(libc_fatal.o)
                0x000000000041d030                __libc_message
                0x000000000041d320                __libc_fatal
 .text          0x000000000041d340       0x1c /usr/lib/gcc/x86_64-linux-gnu/9/../../../x86_64-linux-gnu/libc.a(vtables.o)
                0x000000000041d340                _IO_vtable_check
 *fill*         0x000000000041d35c        0x4 
 .text          0x000000000041d360       0x98 /usr/lib/gcc/x86_64-linux-gnu/9/../../../x86_64-linux-gnu/libc.a(iofgets_u.o)
                0x000000000041d360                __fgets_unlocked
                0x000000000041d360                fgets_unlocked
 *fill*         0x000000000041d3f8        0x8 
 .text          0x000000000041d400     0x2b69 /usr/lib/gcc/x86_64-linux-gnu/9/../../../x86_64-linux-gnu/libc.a(fileops.o)
                0x000000000041d470                _IO_file_close
                0x000000000041d480                _IO_file_setbuf
                0x000000000041d480                _IO_new_file_setbuf
                0x000000000041d4b0                _IO_file_setbuf_mmap
                0x000000000041d530                _IO_file_underflow
                0x000000000041d530                _IO_new_file_underflow
                0x000000000041d860                _IO_file_close_mmap
                0x000000000041d890                _IO_file_seek
                0x000000000041daf0                _IO_file_seekoff
                0x000000000041daf0                _IO_new_file_seekoff
                0x000000000041e0d0                _IO_file_stat
                0x000000000041e0f0                _IO_file_write
                0x000000000041e0f0                _IO_new_file_write
                0x000000000041e4d0                _IO_file_xsgetn
                0x000000000041e6c0                _IO_file_seekoff_mmap
                0x000000000041e7f0                _IO_file_read
                0x000000000041e820                _IO_new_file_xsputn
                0x000000000041e820                _IO_file_xsputn
                0x000000000041eb50                _IO_file_underflow_maybe_mmap
                0x000000000041ed30                _IO_file_underflow_mmap
                0x000000000041efc0                _IO_new_file_init_internal
                0x000000000041eff0                _IO_new_file_init
                0x000000000041eff0                _IO_file_init
                0x000000000041f020                _IO_file_open
                0x000000000041f110                _IO_new_file_attach
                0x000000000041f110                _IO_file_attach
                0x000000000041f1c0                _IO_new_do_write
                0x000000000041f1c0                _IO_do_write
                0x000000000041f340                _IO_new_file_close_it
                0x000000000041f340                _IO_file_close_it
                0x000000000041f4a0                _IO_new_file_fopen
                0x000000000041f4a0                _IO_file_fopen
                0x000000000041fbb0                _IO_file_finish
                0x000000000041fbb0                _IO_new_file_finish
                0x000000000041fc50                _IO_file_overflow
                0x000000000041fc50                _IO_new_file_overflow
                0x000000000041fe80                _IO_file_sync
                0x000000000041fe80                _IO_new_file_sync
 *fill*         0x000000000041ff69        0x7 
 .text          0x000000000041ff70     0x2a3b /usr/lib/gcc/x86_64-linux-gnu/9/../../../x86_64-linux-gnu/libc.a(genops.o)
                0x0000000000420540                _IO_un_link
                0x0000000000420560                _IO_link_in
                0x0000000000420820                _IO_least_marker
                0x0000000000420850                _IO_switch_to_main_get_area
                0x0000000000420880                _IO_switch_to_backup_area
                0x00000000004208b0                _IO_switch_to_get_mode
                0x0000000000420950                _IO_free_backup_area
                0x00000000004209a0                __overflow
                0x0000000000420a10                __underflow
                0x0000000000420be0                __uflow
                0x0000000000420dc0                _IO_setb
                0x0000000000420e20                _IO_doallocbuf
                0x0000000000420ee0                _IO_default_underflow
                0x0000000000420ef0                _IO_default_uflow
                0x0000000000420f50                _IO_default_xsputn
                0x00000000004210d0                _IO_sgetn
                0x0000000000421140                _IO_default_xsgetn
                0x0000000000421430                _IO_default_setbuf
                0x0000000000421550                _IO_default_seekpos
                0x00000000004215c0                _IO_default_doallocate
                0x0000000000421640                _IO_init_internal
                0x00000000004216d0                _IO_init
                0x0000000000421760                _IO_enable_locks
                0x00000000004217a0                _IO_old_init
                0x0000000000421810                _IO_no_init
                0x00000000004218e0                _IO_default_sync
                0x00000000004218f0                _IO_default_finish
                0x0000000000421960                _IO_default_seekoff
                0x0000000000421970                _IO_sputbackc
                0x00000000004219f0                _IO_sungetc
                0x0000000000421a70                _IO_adjust_column
                0x0000000000421aa0                _IO_flush_all_lockp
                0x0000000000421da0                _IO_cleanup
                0x0000000000422130                _IO_flush_all
                0x0000000000422140                _IO_flush_all_linebuffered
                0x0000000000422140                _flushlbf
                0x0000000000422410                _IO_init_marker
                0x0000000000422500                _IO_remove_marker
                0x0000000000422540                _IO_marker_difference
                0x0000000000422550                _IO_marker_delta
                0x0000000000422590                _IO_seekmark
                0x0000000000422640                _IO_unsave_markers
                0x00000000004226a0                _IO_default_pbackfail
                0x0000000000422830                _IO_default_seek
                0x0000000000422840                _IO_default_stat
                0x0000000000422850                _IO_default_read
                0x0000000000422860                _IO_default_write
                0x0000000000422870                _IO_default_showmanyc
                0x0000000000422880                _IO_default_imbue
                0x0000000000422890                _IO_iter_begin
                0x00000000004228a0                _IO_iter_end
                0x00000000004228b0                _IO_iter_next
                0x00000000004228c0                _IO_iter_file
                0x00000000004228d0                _IO_list_lock
                0x0000000000422930                _IO_list_unlock
                0x0000000000422990                _IO_list_resetlock
 .text          0x00000000004229ab        0x0 /usr/lib/gcc/x86_64-linux-gnu/9/../../../x86_64-linux-gnu/libc.a(stdfiles.o)
 .text          0x00000000004229ab        0x0 /usr/lib/gcc/x86_64-linux-gnu/9/../../../x86_64-linux-gnu/libc.a(stdio.o)
 *fill*         0x00000000004229ab        0x5 
 .text          0x00000000004229b0      0x946 /usr/lib/gcc/x86_64-linux-gnu/9/../../../x86_64-linux-gnu/libc.a(strops.o)
                0x00000000004229b0                _IO_str_underflow
                0x0000000000422a10                _IO_str_overflow
                0x0000000000422d90                _IO_str_seekoff
                0x0000000000423060                _IO_str_pbackfail
                0x0000000000423080                _IO_str_finish
                0x00000000004230c0                _IO_str_init_static_internal
                0x0000000000423170                _IO_str_init_static
                0x0000000000423240                _IO_str_init_readonly
                0x00000000004232e0                _IO_str_count
 *fill*         0x00000000004232f6        0xa 
 .text          0x0000000000423300       0x48 /usr/lib/gcc/x86_64-linux-gnu/9/../../../x86_64-linux-gnu/libc.a(alloca_cutoff.o)
                0x0000000000423300                __libc_alloca_cutoff
 *fill*         0x0000000000423348        0x8 
 .text          0x0000000000423350       0x31 /usr/lib/gcc/x86_64-linux-gnu/9/../../../x86_64-linux-gnu/libc.a(libc-lowlevellock.o)
                0x0000000000423350                __lll_lock_wait_private
 *fill*         0x0000000000423381        0xf 
 .text          0x0000000000423390     0x7ac7 /usr/lib/gcc/x86_64-linux-gnu/9/../../../x86_64-linux-gnu/libc.a(malloc.o)
                0x0000000000423390                _dl_tunable_set_arena_max
                0x00000000004233a0                _dl_tunable_set_arena_test
                0x00000000004233b0                _dl_tunable_set_tcache_max
                0x00000000004233f0                _dl_tunable_set_tcache_count
                0x0000000000423410                _dl_tunable_set_tcache_unsorted_limit
                0x0000000000423710                _dl_tunable_set_trim_threshold
                0x0000000000423730                _dl_tunable_set_top_pad
                0x0000000000423750                _dl_tunable_set_mmap_threshold
                0x0000000000423780                _dl_tunable_set_mmaps_max
                0x00000000004237a0                _dl_tunable_set_perturb_byte
                0x00000000004237b0                _dl_tunable_set_mxfast
                0x00000000004246b0                _dl_tunable_set_mallopt_check
                0x0000000000428290                __malloc_fork_lock_parent
                0x0000000000428340                __malloc_fork_unlock_parent
                0x0000000000428400                __malloc_fork_unlock_child
                0x00000000004284c0                __malloc_check_init
                0x0000000000428510                malloc
                0x0000000000428510                __malloc
                0x0000000000428510                __libc_malloc
                0x0000000000428b00                __free
                0x0000000000428b00                __libc_free
                0x0000000000428b00                free
                0x0000000000428c00                __malloc_arena_thread_freeres
                0x0000000000429200                __libc_realloc
                0x0000000000429200                realloc
                0x0000000000429200                __realloc
                0x0000000000429560                __libc_memalign
                0x0000000000429560                __memalign
                0x0000000000429560                memalign
                0x0000000000429560                aligned_alloc
                0x0000000000429820                __libc_valloc
                0x0000000000429820                valloc
                0x0000000000429820                __valloc
                0x0000000000429b00                pvalloc
                0x0000000000429b00                __libc_pvalloc
                0x0000000000429b00                __pvalloc
                0x0000000000429e10                __calloc
                0x0000000000429e10                calloc
                0x0000000000429e10                __libc_calloc
                0x000000000042a1a0                __malloc_trim
                0x000000000042a1a0                malloc_trim
                0x000000000042a4a0                malloc_usable_size
                0x000000000042a4a0                __malloc_usable_size
                0x000000000042a560                __mallinfo
                0x000000000042a560                __libc_mallinfo
                0x000000000042a560                mallinfo
                0x000000000042a6a0                malloc_stats
                0x000000000042a6a0                __malloc_stats
                0x000000000042a8f0                __libc_mallopt
                0x000000000042a8f0                mallopt
                0x000000000042a8f0                __mallopt
                0x000000000042ab10                __posix_memalign
                0x000000000042ab10                posix_memalign
                0x000000000042ae10                __malloc_info
                0x000000000042ae10                malloc_info
 *fill*         0x000000000042ae57        0x9 
 .text          0x000000000042ae60       0x1f /usr/lib/gcc/x86_64-linux-gnu/9/../../../x86_64-linux-gnu/libc.a(morecore.o)
                0x000000000042ae60                __default_morecore
 *fill*         0x000000000042ae7f        0x1 
 .text          0x000000000042ae80       0xb1 /usr/lib/gcc/x86_64-linux-gnu/9/../../../x86_64-linux-gnu/libc.a(scratch_buffer_grow_preserve.o)
                0x000000000042ae80                __libc_scratch_buffer_grow_preserve
 *fill*         0x000000000042af31        0xf 
 .text          0x000000000042af40       0xae /usr/lib/gcc/x86_64-linux-gnu/9/../../../x86_64-linux-gnu/libc.a(scratch_buffer_set_array_size.o)
                0x000000000042af40                __libc_scratch_buffer_set_array_size
 *fill*         0x000000000042afee        0x2 
 .text          0x000000000042aff0       0x45 /usr/lib/gcc/x86_64-linux-gnu/9/../../../x86_64-linux-gnu/libc.a(strchr.o)
                0x000000000042aff0                index
                0x000000000042aff0                strchr
 *fill*         0x000000000042b035        0xb 
 .text          0x000000000042b040       0x55 /usr/lib/gcc/x86_64-linux-gnu/9/../../../x86_64-linux-gnu/libc.a(strcmp.o)
                0x000000000042b040                strcmp
 *fill*         0x000000000042b095        0xb 
 .text          0x000000000042b0a0       0x55 /usr/lib/gcc/x86_64-linux-gnu/9/../../../x86_64-linux-gnu/libc.a(strcpy.o)
                0x000000000042b0a0                strcpy
 *fill*         0x000000000042b0f5        0xb 
 .text          0x000000000042b100       0x1e /usr/lib/gcc/x86_64-linux-gnu/9/../../../x86_64-linux-gnu/libc.a(strcspn.o)
                0x000000000042b100                strcspn
 *fill*         0x000000000042b11e        0x2 
 .text          0x000000000042b120       0x40 /usr/lib/gcc/x86_64-linux-gnu/9/../../../x86_64-linux-gnu/libc.a(strdup.o)
                0x000000000042b120                __strdup
                0x000000000042b120                strdup
 .text          0x000000000042b160       0x89 /usr/lib/gcc/x86_64-linux-gnu/9/../../../x86_64-linux-gnu/libc.a(strerror.o)
                0x000000000042b160                strerror
 *fill*         0x000000000042b1e9        0x7 
 .text          0x000000000042b1f0      0x197 /usr/lib/gcc/x86_64-linux-gnu/9/../../../x86_64-linux-gnu/libc.a(_strerror.o)
                0x000000000042b1f0                __strerror_r
                0x000000000042b1f0                strerror_r
 *fill*         0x000000000042b387        0x9 
 .text          0x000000000042b390       0x35 /usr/lib/gcc/x86_64-linux-gnu/9/../../../x86_64-linux-gnu/libc.a(strlen.o)
                0x000000000042b390                strlen
 *fill*         0x000000000042b3c5        0xb 
 .text          0x000000000042b3d0       0x35 /usr/lib/gcc/x86_64-linux-gnu/9/../../../x86_64-linux-gnu/libc.a(strnlen.o)
                0x000000000042b3d0                __strnlen
                0x000000000042b3d0                strnlen
 *fill*         0x000000000042b405        0xb 
 .text          0x000000000042b410       0x5f /usr/lib/gcc/x86_64-linux-gnu/9/../../../x86_64-linux-gnu/libc.a(strncmp.o)
                0x000000000042b410                strncmp
 *fill*         0x000000000042b46f        0x1 
 .text          0x000000000042b470      0x7fe /usr/lib/gcc/x86_64-linux-gnu/9/../../../x86_64-linux-gnu/libc.a(strstr.o)
                0x000000000042b900                __strstr_sse2
                0x000000000042bc50                strstr
                0x000000000042bc50                __libc_strstr
 *fill*         0x000000000042bc6e        0x2 
 .text          0x000000000042bc70       0x69 /usr/lib/gcc/x86_64-linux-gnu/9/../../../x86_64-linux-gnu/libc.a(memcmp.o)
                0x000000000042bc70                bcmp
                0x000000000042bc70                memcmp
 *fill*         0x000000000042bcd9        0x7 
 .text          0x000000000042bce0       0xba /usr/lib/gcc/x86_64-linux-gnu/9/../../../x86_64-linux-gnu/libc.a(memmove.o)
                0x000000000042bce0                memmove
                0x000000000042bce0                __libc_memmove
 *fill*         0x000000000042bd9a        0x6 
 .text          0x000000000042bda0       0x9e /usr/lib/gcc/x86_64-linux-gnu/9/../../../x86_64-linux-gnu/libc.a(memset.o)
                0x000000000042bda0                memset
 *fill*         0x000000000042be3e        0x2 
 .text          0x000000000042be40       0xba /usr/lib/gcc/x86_64-linux-gnu/9/../../../x86_64-linux-gnu/libc.a(mempcpy.o)
                0x000000000042be40                mempcpy
                0x000000000042be40                __mempcpy
 *fill*         0x000000000042befa        0x6 
 .text          0x000000000042bf00       0x55 /usr/lib/gcc/x86_64-linux-gnu/9/../../../x86_64-linux-gnu/libc.a(stpcpy.o)
                0x000000000042bf00                stpcpy
                0x000000000042bf00                __stpcpy
 *fill*         0x000000000042bf55        0xb 
 .text          0x000000000042bf60       0x48 /usr/lib/gcc/x86_64-linux-gnu/9/../../../x86_64-linux-gnu/libc.a(strcasecmp_l.o)
                0x000000000042bf60                strcasecmp_l
                0x000000000042bf60                __strcasecmp_l
 *fill*         0x000000000042bfa8        0x8 
 .text          0x000000000042bfb0       0xba /usr/lib/gcc/x86_64-linux-gnu/9/../../../x86_64-linux-gnu/libc.a(memcpy.o)
                0x000000000042bfb0                memcpy
                0x000000000042bfb0                __new_memcpy
 *fill*         0x000000000042c06a        0x6 
 .text          0x000000000042c070       0x35 /usr/lib/gcc/x86_64-linux-gnu/9/../../../x86_64-linux-gnu/libc.a(rawmemchr.o)
                0x000000000042c070                __rawmemchr
                0x000000000042c070                rawmemchr
 *fill*         0x000000000042c0a5        0xb 
 .text          0x000000000042c0b0       0x35 /usr/lib/gcc/x86_64-linux-gnu/9/../../../x86_64-linux-gnu/libc.a(strchrnul.o)
                0x000000000042c0b0                __strchrnul
                0x000000000042c0b0                strchrnul
 *fill*         0x000000000042c0e5        0xb 
 .text          0x000000000042c0f0     0x1449 /usr/lib/gcc/x86_64-linux-gnu/9/../../../x86_64-linux-gnu/libc.a(strcmp-sse2.o)
                0x000000000042c0f0                __strcmp_sse2
 *fill*         0x000000000042d539        0x7 
 .text          0x000000000042d540      0x2a3 /usr/lib/gcc/x86_64-linux-gnu/9/../../../x86_64-linux-gnu/libc.a(strcmp-sse2-unaligned.o)
                0x000000000042d540                __strcmp_sse2_unaligned
 .text          0x000000000042d7e3        0x0 /usr/lib/gcc/x86_64-linux-gnu/9/../../../x86_64-linux-gnu/libc.a(strcmp-ssse3.o)
 *fill*         0x000000000042d7e3        0xd 
 .text.ssse3    0x000000000042d7f0     0x1269 /usr/lib/gcc/x86_64-linux-gnu/9/../../../x86_64-linux-gnu/libc.a(strcmp-ssse3.o)
                0x000000000042d7f0                __strcmp_ssse3
 .text          0x000000000042ea59        0x0 /usr/lib/gcc/x86_64-linux-gnu/9/../../../x86_64-linux-gnu/libc.a(strcmp-avx2.o)
 *fill*         0x000000000042ea59        0x7 
 .text.avx      0x000000000042ea60      0x43f /usr/lib/gcc/x86_64-linux-gnu/9/../../../x86_64-linux-gnu/libc.a(strcmp-avx2.o)
                0x000000000042ea60                __strcmp_avx2
 *fill*         0x000000000042ee9f        0x1 
 .text          0x000000000042eea0     0x1859 /usr/lib/gcc/x86_64-linux-gnu/9/../../../x86_64-linux-gnu/libc.a(strncmp-sse2.o)
                0x000000000042eea0                __strncmp_sse2
 .text          0x00000000004306f9        0x0 /usr/lib/gcc/x86_64-linux-gnu/9/../../../x86_64-linux-gnu/libc.a(strncmp-ssse3.o)
 *fill*         0x00000000004306f9        0x7 
 .text.ssse3    0x0000000000430700     0x1769 /usr/lib/gcc/x86_64-linux-gnu/9/../../../x86_64-linux-gnu/libc.a(strncmp-ssse3.o)
                0x0000000000430700                __strncmp_ssse3
 .text          0x0000000000431e69        0x0 /usr/lib/gcc/x86_64-linux-gnu/9/../../../x86_64-linux-gnu/libc.a(strncmp-sse4_2.o)
 *fill*         0x0000000000431e69        0x7 
 .text.sse4.2   0x0000000000431e70      0xfd9 /usr/lib/gcc/x86_64-linux-gnu/9/../../../x86_64-linux-gnu/libc.a(strncmp-sse4_2.o)
                0x0000000000431e70                __strncmp_sse42
 .text          0x0000000000432e49        0x0 /usr/lib/gcc/x86_64-linux-gnu/9/../../../x86_64-linux-gnu/libc.a(strncmp-avx2.o)
 *fill*         0x0000000000432e49        0x7 
 .text.avx      0x0000000000432e50      0x518 /usr/lib/gcc/x86_64-linux-gnu/9/../../../x86_64-linux-gnu/libc.a(strncmp-avx2.o)
                0x0000000000432e50                __strncmp_avx2
 *fill*         0x0000000000433368        0x8 
 .text          0x0000000000433370      0x209 /usr/lib/gcc/x86_64-linux-gnu/9/../../../x86_64-linux-gnu/libc.a(rawmemchr-sse2.o)
                0x0000000000433370                __rawmemchr_sse2
 .text          0x0000000000433579        0x0 /usr/lib/gcc/x86_64-linux-gnu/9/../../../x86_64-linux-gnu/libc.a(rawmemchr-avx2.o)
 *fill*         0x0000000000433579        0x7 
 .text.avx      0x0000000000433580      0x14d /usr/lib/gcc/x86_64-linux-gnu/9/../../../x86_64-linux-gnu/libc.a(rawmemchr-avx2.o)
                0x0000000000433580                __rawmemchr_avx2
 *fill*         0x00000000004336cd        0x3 
 .text          0x00000000004336d0      0x400 /usr/lib/gcc/x86_64-linux-gnu/9/../../../x86_64-linux-gnu/libc.a(memcmp-sse2.o)
                0x00000000004336d0                __memcmp_sse2
 .text          0x0000000000433ad0        0x0 /usr/lib/gcc/x86_64-linux-gnu/9/../../../x86_64-linux-gnu/libc.a(memcmp-avx2-movbe.o)
 .text.avx      0x0000000000433ad0      0x3d4 /usr/lib/gcc/x86_64-linux-gnu/9/../../../x86_64-linux-gnu/libc.a(memcmp-avx2-movbe.o)
                0x0000000000433ad0                __memcmp_avx2_movbe
 .text          0x0000000000433ea4        0x0 /usr/lib/gcc/x86_64-linux-gnu/9/../../../x86_64-linux-gnu/libc.a(memcmp-sse4.o)
 *fill*         0x0000000000433ea4        0xc 
 .text.sse4.1   0x0000000000433eb0     0x163e /usr/lib/gcc/x86_64-linux-gnu/9/../../../x86_64-linux-gnu/libc.a(memcmp-sse4.o)
                0x0000000000433eb0                __memcmp_sse4_1
 .text          0x00000000004354ee        0x0 /usr/lib/gcc/x86_64-linux-gnu/9/../../../x86_64-linux-gnu/libc.a(memcpy-ssse3.o)
 *fill*         0x00000000004354ee        0x2 
 .text.ssse3    0x00000000004354f0     0x29f7 /usr/lib/gcc/x86_64-linux-gnu/9/../../../x86_64-linux-gnu/libc.a(memcpy-ssse3.o)
                0x00000000004354f0                __mempcpy_chk_ssse3
                0x0000000000435500                __mempcpy_ssse3
                0x0000000000435510                __memcpy_chk_ssse3
                0x0000000000435520                __memcpy_ssse3
 .text          0x0000000000437ee7        0x0 /usr/lib/gcc/x86_64-linux-gnu/9/../../../x86_64-linux-gnu/libc.a(memmove-ssse3.o)
 *fill*         0x0000000000437ee7        0x9 
 .text.ssse3    0x0000000000437ef0     0x2b88 /usr/lib/gcc/x86_64-linux-gnu/9/../../../x86_64-linux-gnu/libc.a(memmove-ssse3.o)
                0x0000000000437ef0                __memmove_chk_ssse3
                0x0000000000437f00                __memmove_ssse3
 .text          0x000000000043aa78        0x0 /usr/lib/gcc/x86_64-linux-gnu/9/../../../x86_64-linux-gnu/libc.a(memcpy-ssse3-back.o)
 *fill*         0x000000000043aa78        0x8 
 .text.ssse3    0x000000000043aa80     0x2b06 /usr/lib/gcc/x86_64-linux-gnu/9/../../../x86_64-linux-gnu/libc.a(memcpy-ssse3-back.o)
                0x000000000043aa80                __mempcpy_chk_ssse3_back
                0x000000000043aa90                __mempcpy_ssse3_back
                0x000000000043aaa0                __memcpy_chk_ssse3_back
                0x000000000043aab0                __memcpy_ssse3_back
 .text          0x000000000043d586        0x0 /usr/lib/gcc/x86_64-linux-gnu/9/../../../x86_64-linux-gnu/libc.a(memmove-ssse3-back.o)
 *fill*         0x000000000043d586        0xa 
 .text.ssse3    0x000000000043d590     0x2b26 /usr/lib/gcc/x86_64-linux-gnu/9/../../../x86_64-linux-gnu/libc.a(memmove-ssse3-back.o)
                0x000000000043d590                __memmove_chk_ssse3_back
                0x000000000043d5a0                __memmove_ssse3_back
 .text          0x00000000004400b6        0x0 /usr/lib/gcc/x86_64-linux-gnu/9/../../../x86_64-linux-gnu/libc.a(memmove-avx512-no-vzeroupper.o)
 *fill*         0x00000000004400b6        0xa 
 .text.avx512   0x00000000004400c0      0x76f /usr/lib/gcc/x86_64-linux-gnu/9/../../../x86_64-linux-gnu/libc.a(memmove-avx512-no-vzeroupper.o)
                0x00000000004400c0                __mempcpy_chk_avx512_no_vzeroupper
                0x00000000004400d0                __mempcpy_avx512_no_vzeroupper
                0x00000000004400e0                __memcpy_chk_avx512_no_vzeroupper
                0x00000000004400e0                __memmove_chk_avx512_no_vzeroupper
                0x00000000004400f0                __memcpy_avx512_no_vzeroupper
                0x00000000004400f0                __memmove_avx512_no_vzeroupper
 *fill*         0x000000000044082f        0x1 
 .text          0x0000000000440830     0x2246 /usr/lib/gcc/x86_64-linux-gnu/9/../../../x86_64-linux-gnu/libc.a(strcasecmp_l-sse2.o)
                0x0000000000440830                __strcasecmp_sse2
                0x0000000000440850                __strcasecmp_l_sse2
 .text          0x0000000000442a76        0x0 /usr/lib/gcc/x86_64-linux-gnu/9/../../../x86_64-linux-gnu/libc.a(strcasecmp_l-ssse3.o)
 *fill*         0x0000000000442a76        0xa 
 .text.ssse3    0x0000000000442a80     0x2156 /usr/lib/gcc/x86_64-linux-gnu/9/../../../x86_64-linux-gnu/libc.a(strcasecmp_l-ssse3.o)
                0x0000000000442a80                __strcasecmp_ssse3
                0x0000000000442aa0                __strcasecmp_l_ssse3
 .text          0x0000000000444bd6        0x0 /usr/lib/gcc/x86_64-linux-gnu/9/../../../x86_64-linux-gnu/libc.a(strcasecmp_l-sse4_2.o)
 *fill*         0x0000000000444bd6        0xa 
 .text.sse4.2   0x0000000000444be0     0x1ba6 /usr/lib/gcc/x86_64-linux-gnu/9/../../../x86_64-linux-gnu/libc.a(strcasecmp_l-sse4_2.o)
                0x0000000000444be0                __strcasecmp_sse42
                0x0000000000444bf4                __strcasecmp_l_sse42
 .text          0x0000000000446786        0x0 /usr/lib/gcc/x86_64-linux-gnu/9/../../../x86_64-linux-gnu/libc.a(strcasecmp_l-avx.o)
 *fill*         0x0000000000446786        0xa 
 .text.avx      0x0000000000446790     0x1676 /usr/lib/gcc/x86_64-linux-gnu/9/../../../x86_64-linux-gnu/libc.a(strcasecmp_l-avx.o)
                0x0000000000446790                __strcasecmp_avx
                0x00000000004467a4                __strcasecmp_l_avx
 *fill*         0x0000000000447e06        0xa 
 .text          0x0000000000447e10      0x22a /usr/lib/gcc/x86_64-linux-gnu/9/../../../x86_64-linux-gnu/libc.a(strchr-sse2.o)
                0x0000000000447e10                __strchr_sse2
 *fill*         0x000000000044803a        0x6 
 .text          0x0000000000448040      0x20a /usr/lib/gcc/x86_64-linux-gnu/9/../../../x86_64-linux-gnu/libc.a(strchrnul-sse2.o)
                0x0000000000448040                __strchrnul_sse2
 .text          0x000000000044824a        0x0 /usr/lib/gcc/x86_64-linux-gnu/9/../../../x86_64-linux-gnu/libc.a(strchr-avx2.o)
 *fill*         0x000000000044824a        0x6 
 .text.avx      0x0000000000448250      0x224 /usr/lib/gcc/x86_64-linux-gnu/9/../../../x86_64-linux-gnu/libc.a(strchr-avx2.o)
                0x0000000000448250                __strchr_avx2
 .text          0x0000000000448474        0x0 /usr/lib/gcc/x86_64-linux-gnu/9/../../../x86_64-linux-gnu/libc.a(strchrnul-avx2.o)
 *fill*         0x0000000000448474        0xc 
 .text.avx      0x0000000000448480      0x1ed /usr/lib/gcc/x86_64-linux-gnu/9/../../../x86_64-linux-gnu/libc.a(strchrnul-avx2.o)
                0x0000000000448480                __strchrnul_avx2
 *fill*         0x000000000044866d        0x3 
 .text          0x0000000000448670      0x19c /usr/lib/gcc/x86_64-linux-gnu/9/../../../x86_64-linux-gnu/libc.a(strlen-sse2.o)
                0x0000000000448670                __strlen_sse2
 *fill*         0x000000000044880c        0x4 
 .text          0x0000000000448810      0x218 /usr/lib/gcc/x86_64-linux-gnu/9/../../../x86_64-linux-gnu/libc.a(strnlen-sse2.o)
                0x0000000000448810                __strnlen_sse2
 .text          0x0000000000448a28        0x0 /usr/lib/gcc/x86_64-linux-gnu/9/../../../x86_64-linux-gnu/libc.a(strlen-avx2.o)
 *fill*         0x0000000000448a28        0x8 
 .text.avx      0x0000000000448a30      0x19e /usr/lib/gcc/x86_64-linux-gnu/9/../../../x86_64-linux-gnu/libc.a(strlen-avx2.o)
                0x0000000000448a30                __strlen_avx2
 .text          0x0000000000448bce        0x0 /usr/lib/gcc/x86_64-linux-gnu/9/../../../x86_64-linux-gnu/libc.a(strnlen-avx2.o)
 *fill*         0x0000000000448bce        0x2 
 .text.avx      0x0000000000448bd0      0x31e /usr/lib/gcc/x86_64-linux-gnu/9/../../../x86_64-linux-gnu/libc.a(strnlen-avx2.o)
                0x0000000000448bd0                __strnlen_avx2
 .text          0x0000000000448eee        0x0 /usr/lib/gcc/x86_64-linux-gnu/9/../../../x86_64-linux-gnu/libc.a(strcpy-avx2.o)
 *fill*         0x0000000000448eee        0x2 
 .text.avx      0x0000000000448ef0      0x388 /usr/lib/gcc/x86_64-linux-gnu/9/../../../x86_64-linux-gnu/libc.a(strcpy-avx2.o)
                0x0000000000448ef0                __strcpy_avx2
 *fill*         0x0000000000449278        0x8 
 .text          0x0000000000449280       0xec /usr/lib/gcc/x86_64-linux-gnu/9/../../../x86_64-linux-gnu/libc.a(strcpy-sse2.o)
                0x0000000000449280                __strcpy_sse2
 *fill*         0x000000000044936c        0x4 
 .text          0x0000000000449370       0xec /usr/lib/gcc/x86_64-linux-gnu/9/../../../x86_64-linux-gnu/libc.a(stpcpy-sse2.o)
                0x0000000000449370                __stpcpy_sse2
 .text          0x000000000044945c        0x0 /usr/lib/gcc/x86_64-linux-gnu/9/../../../x86_64-linux-gnu/libc.a(strcpy-ssse3.o)
 *fill*         0x000000000044945c        0x4 
 .text.ssse3    0x0000000000449460     0x17a2 /usr/lib/gcc/x86_64-linux-gnu/9/../../../x86_64-linux-gnu/libc.a(strcpy-ssse3.o)
                0x0000000000449460                __strcpy_ssse3
 .text          0x000000000044ac02        0x0 /usr/lib/gcc/x86_64-linux-gnu/9/../../../x86_64-linux-gnu/libc.a(stpcpy-ssse3.o)
 *fill*         0x000000000044ac02        0xe 
 .text.ssse3    0x000000000044ac10     0x1803 /usr/lib/gcc/x86_64-linux-gnu/9/../../../x86_64-linux-gnu/libc.a(stpcpy-ssse3.o)
                0x000000000044ac10                __stpcpy_ssse3
 *fill*         0x000000000044c413        0xd 
 .text          0x000000000044c420      0x630 /usr/lib/gcc/x86_64-linux-gnu/9/../../../x86_64-linux-gnu/libc.a(strcpy-sse2-unaligned.o)
                0x000000000044c420                __strcpy_sse2_unaligned
 .text          0x000000000044ca50      0x6c0 /usr/lib/gcc/x86_64-linux-gnu/9/../../../x86_64-linux-gnu/libc.a(stpcpy-sse2-unaligned.o)
                0x000000000044ca50                __stpcpy_sse2_unaligned
 .text          0x000000000044d110        0x0 /usr/lib/gcc/x86_64-linux-gnu/9/../../../x86_64-linux-gnu/libc.a(stpcpy-avx2.o)
 .text.avx      0x000000000044d110      0x3ac /usr/lib/gcc/x86_64-linux-gnu/9/../../../x86_64-linux-gnu/libc.a(stpcpy-avx2.o)
                0x000000000044d110                __stpcpy_avx2
 .text          0x000000000044d4bc        0x0 /usr/lib/gcc/x86_64-linux-gnu/9/../../../x86_64-linux-gnu/libc.a(strchr-sse2-no-bsf.o)
 *fill*         0x000000000044d4bc        0x4 
 .text.atom     0x000000000044d4c0      0x315 /usr/lib/gcc/x86_64-linux-gnu/9/../../../x86_64-linux-gnu/libc.a(strchr-sse2-no-bsf.o)
                0x000000000044d4c0                __strchr_sse2_no_bsf
 .text          0x000000000044d7d5        0x0 /usr/lib/gcc/x86_64-linux-gnu/9/../../../x86_64-linux-gnu/libc.a(memcmp-ssse3.o)
 *fill*         0x000000000044d7d5        0xb 
 .text.atom     0x000000000044d7e0     0x1763 /usr/lib/gcc/x86_64-linux-gnu/9/../../../x86_64-linux-gnu/libc.a(memcmp-ssse3.o)
                0x000000000044d7e0                __memcmp_ssse3
 *fill*         0x000000000044ef43        0xd 
 .text          0x000000000044ef50      0x493 /usr/lib/gcc/x86_64-linux-gnu/9/../../../x86_64-linux-gnu/libc.a(strstr-sse2-unaligned.o)
                0x000000000044ef50                __strstr_sse2_unaligned
 *fill*         0x000000000044f3e3        0xd 
 .text          0x000000000044f3f0       0xa7 /usr/lib/gcc/x86_64-linux-gnu/9/../../../x86_64-linux-gnu/libc.a(strcspn-sse2.o)
                0x000000000044f3f0                __strcspn_sse2
 .text          0x000000000044f497        0x0 /usr/lib/gcc/x86_64-linux-gnu/9/../../../x86_64-linux-gnu/libc.a(strcspn-c.o)
 *fill*         0x000000000044f497        0x9 
 .text.sse4.2   0x000000000044f4a0      0x13f /usr/lib/gcc/x86_64-linux-gnu/9/../../../x86_64-linux-gnu/libc.a(strcspn-c.o)
                0x000000000044f4a0                __strcspn_sse42
 .text          0x000000000044f5df        0x0 /usr/lib/gcc/x86_64-linux-gnu/9/../../../x86_64-linux-gnu/libc.a(varshift.o)
 .text          0x000000000044f5df        0x0 /usr/lib/gcc/x86_64-linux-gnu/9/../../../x86_64-linux-gnu/libc.a(memset-avx512-no-vzeroupper.o)
 *fill*         0x000000000044f5df        0x1 
 .text.avx512   0x000000000044f5e0      0x284 /usr/lib/gcc/x86_64-linux-gnu/9/../../../x86_64-linux-gnu/libc.a(memset-avx512-no-vzeroupper.o)
                0x000000000044f5e0                __memset_chk_avx512_no_vzeroupper
                0x000000000044f5f0                __memset_avx512_no_vzeroupper
 *fill*         0x000000000044f864        0xc 
 .text          0x000000000044f870      0x3cd /usr/lib/gcc/x86_64-linux-gnu/9/../../../x86_64-linux-gnu/libc.a(memmove-sse2-unaligned-erms.o)
                0x000000000044f870                __mempcpy_sse2_unaligned
                0x000000000044f880                __memmove_sse2_unaligned
                0x000000000044f880                __memcpy_sse2_unaligned
                0x000000000044f8b0                __mempcpy_chk_erms
                0x000000000044f8c0                __mempcpy_erms
                0x000000000044f8e0                __memcpy_chk_erms
                0x000000000044f8e0                __memmove_chk_erms
                0x000000000044f8f0                __memmove_erms
                0x000000000044f8f0                __memcpy_erms
                0x000000000044f930                __mempcpy_sse2_unaligned_erms
                0x000000000044f940                __memmove_sse2_unaligned_erms
                0x000000000044f940                __memcpy_sse2_unaligned_erms
 .text          0x000000000044fc3d        0x0 /usr/lib/gcc/x86_64-linux-gnu/9/../../../x86_64-linux-gnu/libc.a(memmove-avx-unaligned-erms.o)
 *fill*         0x000000000044fc3d        0x3 
 .text.avx      0x000000000044fc40      0x438 /usr/lib/gcc/x86_64-linux-gnu/9/../../../x86_64-linux-gnu/libc.a(memmove-avx-unaligned-erms.o)
                0x000000000044fc40                __mempcpy_avx_unaligned
                0x000000000044fc50                __memcpy_avx_unaligned
                0x000000000044fc50                __memmove_avx_unaligned
                0x000000000044fc90                __mempcpy_avx_unaligned_erms
                0x000000000044fca0                __memcpy_avx_unaligned_erms
                0x000000000044fca0                __memmove_avx_unaligned_erms
 .text          0x0000000000450078        0x0 /usr/lib/gcc/x86_64-linux-gnu/9/../../../x86_64-linux-gnu/libc.a(memmove-avx512-unaligned-erms.o)
 *fill*         0x0000000000450078        0x8 
 .text.avx512   0x0000000000450080      0x540 /usr/lib/gcc/x86_64-linux-gnu/9/../../../x86_64-linux-gnu/libc.a(memmove-avx512-unaligned-erms.o)
                0x0000000000450080                __mempcpy_avx512_unaligned
                0x0000000000450090                __memmove_avx512_unaligned
                0x0000000000450090                __memcpy_avx512_unaligned
                0x00000000004500d0                __mempcpy_avx512_unaligned_erms
                0x00000000004500e0                __memmove_avx512_unaligned_erms
                0x00000000004500e0                __memcpy_avx512_unaligned_erms
 .text          0x00000000004505c0      0x187 /usr/lib/gcc/x86_64-linux-gnu/9/../../../x86_64-linux-gnu/libc.a(memset-sse2-unaligned-erms.o)
                0x00000000004505c0                __bzero
                0x00000000004505c0                bzero
                0x00000000004505d0                __wmemset_sse2_unaligned
                0x00000000004505f0                __memset_sse2_unaligned
                0x0000000000450630                __memset_chk_erms
                0x0000000000450640                __memset_erms
                0x0000000000450660                __memset_sse2_unaligned_erms
 .text          0x0000000000450747        0x0 /usr/lib/gcc/x86_64-linux-gnu/9/../../../x86_64-linux-gnu/libc.a(memset-avx2-unaligned-erms.o)
 *fill*         0x0000000000450747        0x9 
 .text.avx      0x0000000000450750      0x17f /usr/lib/gcc/x86_64-linux-gnu/9/../../../x86_64-linux-gnu/libc.a(memset-avx2-unaligned-erms.o)
                0x0000000000450750                __wmemset_avx2_unaligned
                0x0000000000450770                __memset_avx2_unaligned
                0x00000000004507a0                __memset_avx2_erms
                0x00000000004507c0                __memset_avx2_unaligned_erms
 .text          0x00000000004508cf        0x0 /usr/lib/gcc/x86_64-linux-gnu/9/../../../x86_64-linux-gnu/libc.a(memset-avx512-unaligned-erms.o)
 *fill*         0x00000000004508cf        0x1 
 .text.avx512   0x00000000004508d0      0x1d5 /usr/lib/gcc/x86_64-linux-gnu/9/../../../x86_64-linux-gnu/libc.a(memset-avx512-unaligned-erms.o)
                0x00000000004508d0                __wmemset_avx512_unaligned
                0x00000000004508f0                __memset_avx512_unaligned
                0x0000000000450930                __memset_avx512_erms
                0x0000000000450950                __memset_avx512_unaligned_erms
 *fill*         0x0000000000450aa5        0xb 
 .text          0x0000000000450ab0      0x69d /usr/lib/gcc/x86_64-linux-gnu/9/../../../x86_64-linux-gnu/libc.a(cacheinfo.o)
                0x0000000000451120                __cache_sysconf
 *fill*         0x000000000045114d        0x3 
 .text          0x0000000000451150       0x43 /usr/lib/gcc/x86_64-linux-gnu/9/../../../x86_64-linux-gnu/libc.a(strcasecmp_l-nonascii.o)
                0x0000000000451150                __strcasecmp_l_nonascii
 *fill*         0x0000000000451193        0xd 
 .text          0x00000000004511a0        0xd /usr/lib/gcc/x86_64-linux-gnu/9/../../../x86_64-linux-gnu/libc.a(wmempcpy.o)
                0x00000000004511a0                wmempcpy
                0x00000000004511a0                __wmempcpy
 *fill*         0x00000000004511ad        0x3 
 .text          0x00000000004511b0      0x1e4 /usr/lib/gcc/x86_64-linux-gnu/9/../../../x86_64-linux-gnu/libc.a(wcrtomb.o)
                0x00000000004511b0                __wcrtomb
                0x00000000004511b0                wcrtomb
 *fill*         0x0000000000451394        0xc 
 .text          0x00000000004513a0       0x22 /usr/lib/gcc/x86_64-linux-gnu/9/../../../x86_64-linux-gnu/libc.a(mbsrtowcs.o)
                0x00000000004513a0                mbsrtowcs
                0x00000000004513a0                __mbsrtowcs
 *fill*         0x00000000004513c2        0xe 
 .text          0x00000000004513d0      0x2fa /usr/lib/gcc/x86_64-linux-gnu/9/../../../x86_64-linux-gnu/libc.a(wcsrtombs.o)
                0x00000000004513d0                wcsrtombs
                0x00000000004513d0                __wcsrtombs
 *fill*         0x00000000004516ca        0x6 
 .text          0x00000000004516d0       0x45 /usr/lib/gcc/x86_64-linux-gnu/9/../../../x86_64-linux-gnu/libc.a(wcsnlen.o)
                0x00000000004516d0                wcsnlen
                0x00000000004516d0                __wcsnlen
 *fill*         0x0000000000451715        0xb 
 .text          0x0000000000451720      0x704 /usr/lib/gcc/x86_64-linux-gnu/9/../../../x86_64-linux-gnu/libc.a(wcsmbsload.o)
                0x0000000000451720                _nl_cleanup_ctype
                0x0000000000451770                __wcsmbs_getfct
                0x00000000004517f0                __wcsmbs_load_conv
                0x0000000000451bd0                __wcsmbs_clone_conv
                0x0000000000451d20                __wcsmbs_named_conv
 *fill*         0x0000000000451e24        0xc 
 .text          0x0000000000451e30      0x365 /usr/lib/gcc/x86_64-linux-gnu/9/../../../x86_64-linux-gnu/libc.a(mbsrtowcs_l.o)
                0x0000000000451e30                __mbsrtowcs_l
 *fill*         0x0000000000452195        0xb 
 .text          0x00000000004521a0      0x21c /usr/lib/gcc/x86_64-linux-gnu/9/../../../x86_64-linux-gnu/libc.a(wcsnlen-sse4_1.o)
                0x00000000004521a0                __wcsnlen_sse4_1
 *fill*         0x00000000004523bc        0x4 
 .text          0x00000000004523c0       0x32 /usr/lib/gcc/x86_64-linux-gnu/9/../../../x86_64-linux-gnu/libc.a(wcsnlen-c.o)
                0x00000000004523c0                __wcsnlen_sse2
 .text          0x00000000004523f2        0x0 /usr/lib/gcc/x86_64-linux-gnu/9/../../../x86_64-linux-gnu/libc.a(wcsnlen-avx2.o)
 *fill*         0x00000000004523f2        0xe 
 .text.avx      0x0000000000452400      0x342 /usr/lib/gcc/x86_64-linux-gnu/9/../../../x86_64-linux-gnu/libc.a(wcsnlen-avx2.o)
                0x0000000000452400                __wcsnlen_avx2
 *fill*         0x0000000000452742        0xe 
 .text          0x0000000000452750       0x35 /usr/lib/gcc/x86_64-linux-gnu/9/../../../x86_64-linux-gnu/libc.a(gmtime.o)
                0x0000000000452750                gmtime_r
                0x0000000000452750                __gmtime_r
                0x0000000000452770                gmtime
 *fill*         0x0000000000452785        0xb 
 .text          0x0000000000452790       0x38 /usr/lib/gcc/x86_64-linux-gnu/9/../../../x86_64-linux-gnu/libc.a(localtime.o)
                0x0000000000452790                __localtime_r
                0x0000000000452790                localtime_r
                0x00000000004527b0                localtime
 *fill*         0x00000000004527c8        0x8 
 .text          0x00000000004527d0     0x1976 /usr/lib/gcc/x86_64-linux-gnu/9/../../../x86_64-linux-gnu/libc.a(tzset.o)
                0x00000000004531e0                __tzstring
                0x00000000004532f0                __tzset_parse_tz
                0x0000000000453640                __tz_compute
                0x0000000000453e50                __tzset
                0x0000000000453e50                tzset
                0x0000000000453f10                __tz_convert
 *fill*         0x0000000000454146        0xa 
 .text          0x0000000000454150     0x1639 /usr/lib/gcc/x86_64-linux-gnu/9/../../../x86_64-linux-gnu/libc.a(tzfile.o)
                0x0000000000454150                __tzfile_read
                0x0000000000454ee0                __tzfile_default
                0x00000000004550e0                __tzfile_compute
 *fill*         0x0000000000455789        0x7 
 .text          0x0000000000455790       0x14 /usr/lib/gcc/x86_64-linux-gnu/9/../../../x86_64-linux-gnu/libc.a(strftime.o)
                0x0000000000455790                strftime
 *fill*         0x00000000004557a4        0xc 
 .text          0x00000000004557b0     0x2558 /usr/lib/gcc/x86_64-linux-gnu/9/../../../x86_64-linux-gnu/libc.a(strftime_l.o)
                0x0000000000457cc0                __strftime_l
                0x0000000000457cc0                strftime_l
 *fill*         0x0000000000457d08        0x8 
 .text          0x0000000000457d10      0x3c3 /usr/lib/gcc/x86_64-linux-gnu/9/../../../x86_64-linux-gnu/libc.a(era.o)
                0x0000000000457f10                _nl_get_era_entry
                0x0000000000458070                _nl_select_era_entry
 *fill*         0x00000000004580d3        0xd 
 .text          0x00000000004580e0      0x385 /usr/lib/gcc/x86_64-linux-gnu/9/../../../x86_64-linux-gnu/libc.a(alt_digit.o)
                0x0000000000458180                _nl_get_alt_digit
                0x0000000000458220                _nl_get_walt_digit
                0x0000000000458350                _nl_parse_alt_digit
 *fill*         0x0000000000458465        0xb 
 .text          0x0000000000458470       0x4a /usr/lib/gcc/x86_64-linux-gnu/9/../../../x86_64-linux-gnu/libc.a(lc-time-cleanup.o)
                0x0000000000458470                _nl_cleanup_time
 *fill*         0x00000000004584ba        0x6 
 .text          0x00000000004584c0       0x58 /usr/lib/gcc/x86_64-linux-gnu/9/../../../x86_64-linux-gnu/libc.a(_exit.o)
                0x00000000004584c0                _Exit
                0x00000000004584c0                _exit
 *fill*         0x0000000000458518        0x8 
 .text          0x0000000000458520      0x4f8 /usr/lib/gcc/x86_64-linux-gnu/9/../../../x86_64-linux-gnu/libc.a(sysconf.o)
                0x0000000000458660                sysconf
                0x0000000000458660                __sysconf
 *fill*         0x0000000000458a18        0x8 
 .text          0x0000000000458a20       0x25 /usr/lib/gcc/x86_64-linux-gnu/9/../../../x86_64-linux-gnu/libc.a(sched_yield.o)
                0x0000000000458a20                __sched_yield
                0x0000000000458a20                sched_yield
 *fill*         0x0000000000458a45        0xb 
 .text          0x0000000000458a50       0x56 /usr/lib/gcc/x86_64-linux-gnu/9/../../../x86_64-linux-gnu/libc.a(get_child_max.o)
                0x0000000000458a50                __get_child_max
 .text          0x0000000000458aa6        0x0 /usr/lib/gcc/x86_64-linux-gnu/9/../../../x86_64-linux-gnu/libc.a(environ.o)
 *fill*         0x0000000000458aa6        0xa 
 .text          0x0000000000458ab0       0x14 /usr/lib/gcc/x86_64-linux-gnu/9/../../../x86_64-linux-gnu/libc.a(stat.o)
                0x0000000000458ab0                __stat
                0x0000000000458ab0                stat
 *fill*         0x0000000000458ac4        0xc 
 .text          0x0000000000458ad0       0x54 /usr/lib/gcc/x86_64-linux-gnu/9/../../../x86_64-linux-gnu/libc.a(xstat.o)
                0x0000000000458ad0                _xstat
                0x0000000000458ad0                __xstat64
                0x0000000000458ad0                __xstat
 *fill*         0x0000000000458b24        0xc 
 .text          0x0000000000458b30       0x54 /usr/lib/gcc/x86_64-linux-gnu/9/../../../x86_64-linux-gnu/libc.a(fxstat.o)
                0x0000000000458b30                __fxstat64
                0x0000000000458b30                _fxstat
                0x0000000000458b30                __fxstat
 *fill*         0x0000000000458b84        0xc 
 .text          0x0000000000458b90      0x126 /usr/lib/gcc/x86_64-linux-gnu/9/../../../x86_64-linux-gnu/libc.a(open64.o)
                0x0000000000458b90                __open
                0x0000000000458b90                __libc_open64
                0x0000000000458b90                __libc_open
                0x0000000000458b90                open64
                0x0000000000458b90                open
                0x0000000000458b90                __open64
 *fill*         0x0000000000458cb6        0xa 
 .text          0x0000000000458cc0       0x99 /usr/lib/gcc/x86_64-linux-gnu/9/../../../x86_64-linux-gnu/libc.a(read.o)
                0x0000000000458cc0                __read
                0x0000000000458cc0                __libc_read
                0x0000000000458cc0                read
 *fill*         0x0000000000458d59        0x7 
 .text          0x0000000000458d60       0x99 /usr/lib/gcc/x86_64-linux-gnu/9/../../../x86_64-linux-gnu/libc.a(write.o)
                0x0000000000458d60                __write
                0x0000000000458d60                write
                0x0000000000458d60                __libc_write
 *fill*         0x0000000000458df9        0x7 
 .text          0x0000000000458e00       0x2c /usr/lib/gcc/x86_64-linux-gnu/9/../../../x86_64-linux-gnu/libc.a(lseek64.o)
                0x0000000000458e00                __lseek64
                0x0000000000458e00                lseek
                0x0000000000458e00                __libc_lseek64
                0x0000000000458e00                __lseek
                0x0000000000458e00                __libc_lseek
                0x0000000000458e00                lseek64
 *fill*         0x0000000000458e2c        0x4 
 .text          0x0000000000458e30      0x753 /usr/lib/gcc/x86_64-linux-gnu/9/../../../x86_64-linux-gnu/libc.a(getcwd.o)
                0x0000000000458e30                __getcwd
                0x0000000000458e30                getcwd
 *fill*         0x0000000000459583        0xd 
 .text          0x0000000000459590       0x2a /usr/lib/gcc/x86_64-linux-gnu/9/../../../x86_64-linux-gnu/libc.a(close_nocancel.o)
                0x0000000000459590                __close_nocancel
 *fill*         0x00000000004595ba        0x6 
 .text          0x00000000004595c0      0x138 /usr/lib/gcc/x86_64-linux-gnu/9/../../../x86_64-linux-gnu/libc.a(fcntl_nocancel.o)
                0x00000000004595c0                __fcntl64_nocancel
                0x0000000000459670                __fcntl64_nocancel_adjusted
 *fill*         0x00000000004596f8        0x8 
 .text          0x0000000000459700       0xb0 /usr/lib/gcc/x86_64-linux-gnu/9/../../../x86_64-linux-gnu/libc.a(open64_nocancel.o)
                0x0000000000459700                __open_nocancel
                0x0000000000459700                __open64_nocancel
 .text          0x00000000004597b0       0xa0 /usr/lib/gcc/x86_64-linux-gnu/9/../../../x86_64-linux-gnu/libc.a(openat64_nocancel.o)
                0x00000000004597b0                __openat64_nocancel
                0x00000000004597b0                __openat_nocancel
 .text          0x0000000000459850       0x2c /usr/lib/gcc/x86_64-linux-gnu/9/../../../x86_64-linux-gnu/libc.a(read_nocancel.o)
                0x0000000000459850                __read_nocancel
 *fill*         0x000000000045987c        0x4 
 .text          0x0000000000459880       0x2c /usr/lib/gcc/x86_64-linux-gnu/9/../../../x86_64-linux-gnu/libc.a(write_nocancel.o)
                0x0000000000459880                __write_nocancel
 *fill*         0x00000000004598ac        0x4 
 .text          0x00000000004598b0       0x32 /usr/lib/gcc/x86_64-linux-gnu/9/../../../x86_64-linux-gnu/libc.a(getrlimit64.o)
                0x00000000004598b0                getrlimit
                0x00000000004598b0                getrlimit64
                0x00000000004598b0                __getrlimit
                0x00000000004598b0                __GI___getrlimit
                0x00000000004598b0                __GI_getrlimit
                0x00000000004598b0                __getrlimit64
 *fill*         0x00000000004598e2        0xe 
 .text          0x00000000004598f0       0xa0 /usr/lib/gcc/x86_64-linux-gnu/9/../../../x86_64-linux-gnu/libc.a(sbrk.o)
                0x00000000004598f0                sbrk
                0x00000000004598f0                __sbrk
 .text          0x0000000000459990       0x31 /usr/lib/gcc/x86_64-linux-gnu/9/../../../x86_64-linux-gnu/libc.a(getpagesize.o)
                0x0000000000459990                getpagesize
                0x0000000000459990                __getpagesize
 *fill*         0x00000000004599c1        0xf 
 .text          0x00000000004599d0       0x4a /usr/lib/gcc/x86_64-linux-gnu/9/../../../x86_64-linux-gnu/libc.a(getdtsz.o)
                0x00000000004599d0                __getdtablesize
                0x00000000004599d0                getdtablesize
 *fill*         0x0000000000459a1a        0x6 
 .text          0x0000000000459a20       0xa5 /usr/lib/gcc/x86_64-linux-gnu/9/../../../x86_64-linux-gnu/libc.a(mmap64.o)
                0x0000000000459a20                __mmap
                0x0000000000459a20                mmap
                0x0000000000459a20                __mmap64
                0x0000000000459a20                mmap64
 *fill*         0x0000000000459ac5        0xb 
 .text          0x0000000000459ad0       0x25 /usr/lib/gcc/x86_64-linux-gnu/9/../../../x86_64-linux-gnu/libc.a(munmap.o)
                0x0000000000459ad0                munmap
                0x0000000000459ad0                __munmap
 *fill*         0x0000000000459af5        0xb 
 .text          0x0000000000459b00       0x25 /usr/lib/gcc/x86_64-linux-gnu/9/../../../x86_64-linux-gnu/libc.a(mprotect.o)
                0x0000000000459b00                __mprotect
                0x0000000000459b00                mprotect
 *fill*         0x0000000000459b25        0xb 
 .text          0x0000000000459b30       0x25 /usr/lib/gcc/x86_64-linux-gnu/9/../../../x86_64-linux-gnu/libc.a(madvise.o)
                0x0000000000459b30                madvise
                0x0000000000459b30                __madvise
 *fill*         0x0000000000459b55        0xb 
 .text          0x0000000000459b60     0x1ff0 /usr/lib/gcc/x86_64-linux-gnu/9/../../../x86_64-linux-gnu/libc.a(tsearch.o)
                0x0000000000459cd0                tsearch
                0x0000000000459cd0                __tsearch
                0x000000000045a0d0                tfind
                0x000000000045a0d0                __tfind
                0x000000000045a150                tdelete
                0x000000000045a150                __tdelete
                0x000000000045a7c0                __twalk
                0x000000000045a7c0                twalk
                0x000000000045a870                twalk_r
                0x000000000045a870                __twalk_r
                0x000000000045a920                __tdestroy
                0x000000000045a920                tdestroy
 .text          0x000000000045bb50      0x6bb /usr/lib/gcc/x86_64-linux-gnu/9/../../../x86_64-linux-gnu/libc.a(getsysstats.o)
                0x000000000045bce0                __get_nprocs
                0x000000000045bce0                get_nprocs
                0x000000000045c010                __get_nprocs_conf
                0x000000000045c010                get_nprocs_conf
                0x000000000045c0f0                get_phys_pages
                0x000000000045c0f0                __get_phys_pages
                0x000000000045c180                get_avphys_pages
                0x000000000045c180                __get_avphys_pages
 *fill*         0x000000000045c20b        0x5 
 .text          0x000000000045c210       0x15 /usr/lib/gcc/x86_64-linux-gnu/9/../../../x86_64-linux-gnu/libc.a(getclktck.o)
                0x000000000045c210                __getclktck
 *fill*         0x000000000045c225        0xb 
 .text          0x000000000045c230       0x51 /usr/lib/gcc/x86_64-linux-gnu/9/../../../x86_64-linux-gnu/libc.a(init-misc.o)
                0x000000000045c230                __init_misc
 *fill*         0x000000000045c281        0xf 
 .text          0x000000000045c290       0x28 /usr/lib/gcc/x86_64-linux-gnu/9/../../../x86_64-linux-gnu/libc.a(mremap.o)
                0x000000000045c290                mremap
                0x000000000045c290                __mremap
 *fill*         0x000000000045c2b8        0x8 
 .text          0x000000000045c2c0       0x25 /usr/lib/gcc/x86_64-linux-gnu/9/../../../x86_64-linux-gnu/libc.a(sysinfo.o)
                0x000000000045c2c0                sysinfo
                0x000000000045c2c0                __sysinfo
 *fill*         0x000000000045c2e5        0xb 
 .text          0x000000000045c2f0       0x85 /usr/lib/gcc/x86_64-linux-gnu/9/../../../x86_64-linux-gnu/libc.a(wctrans.o)
                0x000000000045c2f0                __wctrans
                0x000000000045c2f0                wctrans
 *fill*         0x000000000045c375        0xb 
 .text          0x000000000045c380       0x4d /usr/lib/gcc/x86_64-linux-gnu/9/../../../x86_64-linux-gnu/libc.a(towctrans.o)
                0x000000000045c380                towctrans
                0x000000000045c380                __towctrans
 *fill*         0x000000000045c3cd        0x3 
 .text          0x000000000045c3d0       0x16 /usr/lib/gcc/x86_64-linux-gnu/9/../../../x86_64-linux-gnu/libc.a(chk_fail.o)
                0x000000000045c3d0                __chk_fail
 *fill*         0x000000000045c3e6        0xa 
 .text          0x000000000045c3f0      0x204 /usr/lib/gcc/x86_64-linux-gnu/9/../../../x86_64-linux-gnu/libc.a(readonly-area.o)
                0x000000000045c3f0                __readonly_area
 *fill*         0x000000000045c5f4        0xc 
 .text          0x000000000045c600       0x16 /usr/lib/gcc/x86_64-linux-gnu/9/../../../x86_64-linux-gnu/libc.a(stack_chk_fail.o)
                0x000000000045c600                __stack_chk_fail_local
                0x000000000045c600                __stack_chk_fail
 *fill*         0x000000000045c616        0xa 
 .text          0x000000000045c620       0x2c /usr/lib/gcc/x86_64-linux-gnu/9/../../../x86_64-linux-gnu/libc.a(fortify_fail.o)
                0x000000000045c620                __fortify_fail
 *fill*         0x000000000045c64c        0x4 
 .text          0x000000000045c650       0x8c /usr/lib/gcc/x86_64-linux-gnu/9/../../../x86_64-linux-gnu/libc.a(dl-debug.o)
                0x000000000045c650                _dl_debug_state
                0x000000000045c660                _dl_debug_initialize
 *fill*         0x000000000045c6dc        0x4 
 .text          0x000000000045c6e0      0x6bd /usr/lib/gcc/x86_64-linux-gnu/9/../../../x86_64-linux-gnu/libc.a(dl-tunables.o)
                0x000000000045c730                __tunable_set_val
                0x000000000045c7a0                __tunables_init
                0x000000000045cd30                __tunable_get_val
 *fill*         0x000000000045cd9d        0x3 
 .text          0x000000000045cda0     0x115c /usr/lib/gcc/x86_64-linux-gnu/9/../../../x86_64-linux-gnu/libc.a(dl-support.o)
                0x000000000045cda0                _dl_aux_init
                0x000000000045d1c0                _dl_non_dynamic_init
                0x000000000045def0                _dl_get_dl_main_map
 *fill*         0x000000000045defc        0x4 
 .text          0x000000000045df00       0x4e /usr/lib/gcc/x86_64-linux-gnu/9/../../../x86_64-linux-gnu/libc.a(enbl-secure.o)
                0x000000000045df00                __libc_init_secure
 *fill*         0x000000000045df4e        0x2 
 .text          0x000000000045df50       0x31 /usr/lib/gcc/x86_64-linux-gnu/9/../../../x86_64-linux-gnu/libc.a(dl-profstub.o)
                0x000000000045df50                _dl_mcount_wrapper
                0x000000000045df60                _dl_mcount_wrapper_check
 *fill*         0x000000000045df81        0xf 
 .text          0x000000000045df90      0xe3c /usr/lib/gcc/x86_64-linux-gnu/9/../../../x86_64-linux-gnu/libc.a(dl-sysdep.o)
                0x000000000045df90                _dl_tunable_set_hwcaps
                0x000000000045eb80                _dl_tunable_set_x86_ibt
                0x000000000045ec20                _dl_tunable_set_x86_shstk
                0x000000000045ecc0                _dl_discover_osversion
 *fill*         0x000000000045edcc        0x4 
 .text          0x000000000045edd0       0x81 /usr/lib/gcc/x86_64-linux-gnu/9/../../../x86_64-linux-gnu/libc.a(init-first.o)
                0x000000000045edd0                __libc_init_first
 *fill*         0x000000000045ee51        0xf 
 .text          0x000000000045ee60      0x676 /usr/lib/gcc/x86_64-linux-gnu/9/../../../x86_64-linux-gnu/libc.a(gconv_open.o)
                0x000000000045ee60                __gconv_open
 *fill*         0x000000000045f4d6        0xa 
 .text          0x000000000045f4e0      0x212 /usr/lib/gcc/x86_64-linux-gnu/9/../../../x86_64-linux-gnu/libc.a(gconv.o)
                0x000000000045f4e0                __gconv
 *fill*         0x000000000045f6f2        0xe 
 .text          0x000000000045f700       0x5a /usr/lib/gcc/x86_64-linux-gnu/9/../../../x86_64-linux-gnu/libc.a(gconv_close.o)
                0x000000000045f700                __gconv_close
 *fill*         0x000000000045f75a        0x6 
 .text          0x000000000045f760     0x12be /usr/lib/gcc/x86_64-linux-gnu/9/../../../x86_64-linux-gnu/libc.a(gconv_db.o)
                0x000000000045f760                __gconv_alias_compare
                0x0000000000460440                __gconv_get_modules_db
                0x0000000000460450                __gconv_get_alias_db
                0x0000000000460460                __gconv_release_step
                0x00000000004604e0                __gconv_compare_alias
                0x00000000004605c0                __gconv_find_transform
                0x00000000004608d0                __gconv_close_transform
 *fill*         0x0000000000460a1e        0x2 
 .text          0x0000000000460a20      0xedd /usr/lib/gcc/x86_64-linux-gnu/9/../../../x86_64-linux-gnu/libc.a(gconv_conf.o)
                0x00000000004618b0                __gconv_load_conf
 *fill*         0x00000000004618fd        0x3 
 .text          0x0000000000461900      0x265 /usr/lib/gcc/x86_64-linux-gnu/9/../../../x86_64-linux-gnu/libc.a(gconv_builtin.o)
                0x0000000000461900                __gconv_get_builtin_trans
 *fill*         0x0000000000461b65        0xb 
 .text          0x0000000000461b70     0x7b74 /usr/lib/gcc/x86_64-linux-gnu/9/../../../x86_64-linux-gnu/libc.a(gconv_simple.o)
                0x0000000000461b70                __gconv_btwoc_ascii
                0x0000000000461b90                __gconv_transform_internal_ucs4
                0x0000000000462160                __gconv_transform_ucs4_internal
                0x0000000000462950                __gconv_transform_internal_ucs4le
                0x0000000000462f00                __gconv_transform_ucs4le_internal
                0x0000000000463740                __gconv_transform_ascii_internal
                0x0000000000463d50                __gconv_transform_internal_ascii
                0x00000000004649b0                __gconv_transform_internal_utf8
                0x0000000000465840                __gconv_transform_utf8_internal
                0x0000000000466850                __gconv_transform_ucs2_internal
                0x0000000000467260                __gconv_transform_internal_ucs2
                0x0000000000467fa0                __gconv_transform_ucs2reverse_internal
                0x00000000004689c0                __gconv_transform_internal_ucs2reverse
 *fill*         0x00000000004696e4        0xc 
 .text          0x00000000004696f0      0x4bd /usr/lib/gcc/x86_64-linux-gnu/9/../../../x86_64-linux-gnu/libc.a(gconv_trans.o)
                0x00000000004696f0                __gconv_transliterate
 *fill*         0x0000000000469bad        0x3 
 .text          0x0000000000469bb0      0xa09 /usr/lib/gcc/x86_64-linux-gnu/9/../../../x86_64-linux-gnu/libc.a(gconv_cache.o)
                0x0000000000469df0                __gconv_get_cache
                0x0000000000469e00                __gconv_load_cache
                0x000000000046a020                __gconv_compare_alias_cache
                0x000000000046a0c0                __gconv_lookup_cache
                0x000000000046a5a0                __gconv_release_cache
 *fill*         0x000000000046a5b9        0x7 
 .text          0x000000000046a5c0      0x2aa /usr/lib/gcc/x86_64-linux-gnu/9/../../../x86_64-linux-gnu/libc.a(gconv_dl.o)
                0x000000000046a650                __gconv_find_shlib
                0x000000000046a850                __gconv_release_shlib
 *fill*         0x000000000046a86a        0x6 
 .text          0x000000000046a870      0xb7b /usr/lib/gcc/x86_64-linux-gnu/9/../../../x86_64-linux-gnu/libc.a(setlocale.o)
                0x000000000046aae0                setlocale
 *fill*         0x000000000046b3eb        0x5 
 .text          0x000000000046b3f0      0x851 /usr/lib/gcc/x86_64-linux-gnu/9/../../../x86_64-linux-gnu/libc.a(findlocale.o)
                0x000000000046b4e0                _nl_find_locale
                0x000000000046bbf0                _nl_remove_locale
 *fill*         0x000000000046bc41        0xf 
 .text          0x000000000046bc50      0x5fe /usr/lib/gcc/x86_64-linux-gnu/9/../../../x86_64-linux-gnu/libc.a(loadlocale.o)
                0x000000000046bc50                _nl_intern_locale_data
                0x000000000046be40                _nl_load_locale
                0x000000000046c1f0                _nl_unload_locale
 *fill*         0x000000000046c24e        0x2 
 .text          0x000000000046c250      0x6b6 /usr/lib/gcc/x86_64-linux-gnu/9/../../../x86_64-linux-gnu/libc.a(loadarchive.o)
                0x000000000046c250                _nl_load_locale_from_archive
 *fill*         0x000000000046c906        0xa 
 .text          0x000000000046c910       0x7a /usr/lib/gcc/x86_64-linux-gnu/9/../../../x86_64-linux-gnu/libc.a(lc-ctype.o)
                0x000000000046c910                _nl_postload_ctype
 .text          0x000000000046c98a        0x0 /usr/lib/gcc/x86_64-linux-gnu/9/../../../x86_64-linux-gnu/libc.a(lc-numeric.o)
 .text          0x000000000046c98a        0x0 /usr/lib/gcc/x86_64-linux-gnu/9/../../../x86_64-linux-gnu/libc.a(C-ctype.o)
 .text          0x000000000046c98a        0x0 /usr/lib/gcc/x86_64-linux-gnu/9/../../../x86_64-linux-gnu/libc.a(SYS_libc.o)
 .text          0x000000000046c98a        0x0 /usr/lib/gcc/x86_64-linux-gnu/9/../../../x86_64-linux-gnu/libc.a(C_name.o)
 .text          0x000000000046c98a        0x0 /usr/lib/gcc/x86_64-linux-gnu/9/../../../x86_64-linux-gnu/libc.a(xlocale.o)
 *fill*         0x000000000046c98a        0x6 
 .text          0x000000000046c990       0x1b /usr/lib/gcc/x86_64-linux-gnu/9/../../../x86_64-linux-gnu/libc.a(localename.o)
                0x000000000046c990                __current_locale_name
 .text          0x000000000046c9ab        0x0 /usr/lib/gcc/x86_64-linux-gnu/9/../../../x86_64-linux-gnu/libc.a(global-locale.o)
 *fill*         0x000000000046c9ab        0x5 
 .text          0x000000000046c9b0       0xb4 /usr/lib/gcc/x86_64-linux-gnu/9/../../../x86_64-linux-gnu/libc.a(ctype-info.o)
                0x000000000046c9b0                __ctype_b_loc
                0x000000000046c9d0                __ctype_toupper_loc
                0x000000000046c9f0                __ctype_tolower_loc
                0x000000000046ca10                __ctype_init
 *fill*         0x000000000046ca64        0xc 
 .text          0x000000000046ca70       0x51 /usr/lib/gcc/x86_64-linux-gnu/9/../../../x86_64-linux-gnu/libc.a(setfpucw.o)
                0x000000000046ca70                __setfpucw
 .text          0x000000000046cac1        0x0 /usr/lib/gcc/x86_64-linux-gnu/9/../../../x86_64-linux-gnu/libc.a(fpu_control.o)
 *fill*         0x000000000046cac1        0xf 
 .text          0x000000000046cad0       0x67 /usr/lib/gcc/x86_64-linux-gnu/9/../../../x86_64-linux-gnu/libc.a(setjmp.o)
                0x000000000046cad0                __sigsetjmp
 *fill*         0x000000000046cb37        0x9 
 .text          0x000000000046cb40       0x34 /usr/lib/gcc/x86_64-linux-gnu/9/../../../x86_64-linux-gnu/libc.a(sigjmp.o)
                0x000000000046cb40                __sigjmp_save
 *fill*         0x000000000046cb74        0xc 
 .text          0x000000000046cb80      0x234 /usr/lib/gcc/x86_64-linux-gnu/9/../../../x86_64-linux-gnu/libc.a(sigaction.o)
                0x000000000046cba0                __libc_sigaction
                0x000000000046cd80                sigaction
                0x000000000046cd80                __sigaction
 *fill*         0x000000000046cdb4        0xc 
 .text          0x000000000046cdc0      0x10b /usr/lib/gcc/x86_64-linux-gnu/9/../../../x86_64-linux-gnu/libc.a(sigprocmask.o)
                0x000000000046cdc0                __sigprocmask
                0x000000000046cdc0                sigprocmask
 *fill*         0x000000000046cecb        0x5 
 .text          0x000000000046ced0      0xfc5 /usr/lib/gcc/x86_64-linux-gnu/9/../../../x86_64-linux-gnu/libc.a(qsort.o)
                0x000000000046ced0                _quicksort
 *fill*         0x000000000046de95        0xb 
 .text          0x000000000046dea0      0x68e /usr/lib/gcc/x86_64-linux-gnu/9/../../../x86_64-linux-gnu/libc.a(setenv.o)
                0x000000000046dea0                __add_to_environ
                0x000000000046e2a0                setenv
                0x000000000046e2a0                __setenv
                0x000000000046e300                unsetenv
                0x000000000046e300                __unsetenv
                0x000000000046e460                clearenv
                0x000000000046e460                __clearenv
 *fill*         0x000000000046e52e        0x2 
 .text          0x000000000046e530       0x1b /usr/lib/gcc/x86_64-linux-gnu/9/../../../x86_64-linux-gnu/libc.a(secure-getenv.o)
                0x000000000046e530                secure_getenv
                0x000000000046e530                __libc_secure_getenv
 *fill*         0x000000000046e54b        0x5 
 .text          0x000000000046e550      0x2ba /usr/lib/gcc/x86_64-linux-gnu/9/../../../x86_64-linux-gnu/libc.a(_itoa.o)